BL51 BANKED LINKER/LOCATER V6.22                                                        09/24/2014  23:22:54  PAGE 1


BL51 BANKED LINKER/LOCATER V6.22, INVOKED BY:
C:\KEIL\C51\BIN\BL51.EXE snare.obj TO midi RAMSIZE (256) CODE (0X0000-0XFFFF) XDATA (0X0000-0X13FF)


MEMORY MODEL: LARGE


INPUT MODULES INCLUDED:
  snare.obj (SNARE)
  C:\KEIL\C51\LIB\C51L.LIB (?C_STARTUP)
  C:\KEIL\C51\LIB\C51L.LIB (?C?ILDIX)
  C:\KEIL\C51\LIB\C51L.LIB (?C?CCASE)
  C:\KEIL\C51\LIB\C51L.LIB (?C?ICASE)
  C:\KEIL\C51\LIB\C51L.LIB (ABS)
  C:\KEIL\C51\LIB\C51L.LIB (?C_INIT)


LINK MAP OF MODULE:  midi (SNARE)


            TYPE    BASE      LENGTH    RELOCATION   SEGMENT NAME
            -----------------------------------------------------

            * * * * * * *   D A T A   M E M O R Y   * * * * * * *
            REG     0000H     0008H     ABSOLUTE     "REG BANK 0"
            IDATA   0008H     0001H     UNIT         ?STACK

            * * * * * * *  X D A T A   M E M O R Y  * * * * * * *
            XDATA   0000H     03C1H     UNIT         ?XD?SNARE
            XDATA   03C1H     0004H     UNIT         ?XD?_DELAY_MS?SNARE
            XDATA   03C5H     0002H     UNIT         ?XD?_CONSUMETOKEN?SNARE
            XDATA   03C7H     0002H     UNIT         ?XD?_UART_INIT?SNARE
            XDATA   03C9H     0002H     UNIT         ?XD?GO_CRAZY?SNARE

            * * * * * * *   C O D E   M E M O R Y   * * * * * * *
            CODE    0000H     0003H     ABSOLUTE     
            CODE    0003H     0012H     UNIT         ?C_INITSEG
            CODE    0015H     000CH     UNIT         ?PR?_ABS?ABS
            CODE    0021H     0001H     UNIT         ?PR?SOFTPWM?SNARE
            CODE    0022H     0001H     UNIT         ?PR?RAYOFF?SNARE
            CODE    0023H     0003H     ABSOLUTE     
                    0026H     0005H                  *** GAP ***
            CODE    002BH     0003H     ABSOLUTE     
            CODE    002EH     0007H     UNIT         ?PR?PCA_INTERRUPT?SNARE
                    0035H     001EH                  *** GAP ***
            CODE    0053H     0003H     ABSOLUTE     
            CODE    0056H     3046H     UNIT         ?PR?T2_INT?SNARE
            CODE    309CH     248CH     UNIT         ?PR?_CONSUMETOKEN?SNARE
            CODE    5528H     01E0H     UNIT         ?PR?MAIN?SNARE
            CODE    5708H     009BH     UNIT         ?PR?SCON_INT?SNARE
            CODE    57A3H     008CH     UNIT         ?PR?GO_CRAZY?SNARE
            CODE    582FH     008CH     UNIT         ?C_C51STARTUP
            CODE    58BBH     0069H     UNIT         ?C?LIB_CODE
            CODE    5924H     003BH     UNIT         ?PR?_DELAY_MS?SNARE
            CODE    595FH     002DH     UNIT         ?PR?_UART_INIT?SNARE



BL51 BANKED LINKER/LOCATER V6.22                                                      09/24/2014  23:22:54  PAGE 2


OVERLAY MAP OF MODULE:   midi (SNARE)


SEGMENT
  +--> CALLED SEGMENT
---------------------
?PR?SCON_INT?SNARE
  +--> ?PR?_ABS?ABS

*** NEW ROOT ***************************************************

?C_C51STARTUP
  +--> ?PR?MAIN?SNARE
  +--> ?C_INITSEG

?PR?MAIN?SNARE
  +--> ?PR?_DELAY_MS?SNARE
  +--> ?PR?_UART_INIT?SNARE
  +--> ?PR?GO_CRAZY?SNARE
  +--> ?PR?_ABS?ABS
  +--> ?PR?SOFTPWM?SNARE
  +--> ?PR?_CONSUMETOKEN?SNARE

?PR?_CONSUMETOKEN?SNARE
  +--> ?PR?RAYOFF?SNARE



SYMBOL TABLE OF MODULE:  midi (SNARE)

  VALUE           TYPE          NAME
  ----------------------------------

  -------         MODULE        SNARE
  C:0000H         SYMBOL        _ICE_DUMMY_
  X:0000H         PUBLIC        pressure
  D:0091H         PUBLIC        P1M0
  D:0095H         PUBLIC        P2M0
  D:0080H         PUBLIC        P0
  D:0090H         PUBLIC        P1
  X:0002H         PUBLIC        action
  D:00B3H         PUBLIC        P4M0
  D:00B2H         PUBLIC        P3M1
  D:00A0H         PUBLIC        P2
  D:00E7H         PUBLIC        ISPCR
  D:00B5H         PUBLIC        P5M0
  D:00B0H         PUBLIC        P3
  D:00C0H         PUBLIC        XICON
  C:309CH         PUBLIC        _consumeToken
  X:0004H         PUBLIC        produceCount
  D:00E8H         PUBLIC        P4
  D:00F8H         PUBLIC        P5
  X:0006H         PUBLIC        ukubool
  B:00A8H.7       PUBLIC        EA
  D:00F8H         PUBLIC        P6
  C:002EH         PUBLIC        PCA_Interrupt
  C:0022H         PUBLIC        rayoff
BL51 BANKED LINKER/LOCATER V6.22                                                      09/24/2014  23:22:54  PAGE 3


  D:00F9H         PUBLIC        CH
  X:0007H         PUBLIC        consumeCount
  D:00A8H         PUBLIC        IE
  D:00E9H         PUBLIC        CL
  D:00B8H         PUBLIC        IP0L
  B:00A8H.4       PUBLIC        ES
  D:00B8H         PUBLIC        IP
  B:0098H.0       PUBLIC        RI
  D:00D8H         PUBLIC        CCON
  C:5528H         PUBLIC        main
  D:00E6H         PUBLIC        SCMD
  B:0080H.0       PUBLIC        P00
  D:00E3H         PUBLIC        IFADRH
  B:0090H.0       PUBLIC        P10
  B:0080H.1       PUBLIC        P01
  D:00E5H         PUBLIC        IFMT
  D:0087H         PUBLIC        PCON
  D:0099H         PUBLIC        SBUF
  B:00A0H.0       PUBLIC        P20
  B:0090H.1       PUBLIC        P11
  B:0080H.2       PUBLIC        P02
  C:0056H         PUBLIC        T2_int
  C:5924H         PUBLIC        _Delay_ms
  B:00A0H.1       PUBLIC        P21
  B:0090H.2       PUBLIC        P12
  B:0080H.3       PUBLIC        P03
  C:0021H         PUBLIC        softPWM
  B:00E8H.0       PUBLIC        P40
  B:00A0H.2       PUBLIC        P22
  B:0090H.3       PUBLIC        P13
  B:0080H.4       PUBLIC        P04
  D:00E4H         PUBLIC        IFADRL
  D:0098H         PUBLIC        SCON
  B:00F8H.0       PUBLIC        P50
  B:00E8H.1       PUBLIC        P41
  B:00B0H.2       PUBLIC        P32
  B:00A0H.3       PUBLIC        P23
  B:0090H.4       PUBLIC        P14
  B:0080H.5       PUBLIC        P05
  D:0089H         PUBLIC        TMOD
  D:0088H         PUBLIC        TCON
  B:00F8H.1       PUBLIC        P51
  B:00E8H.2       PUBLIC        P42
  B:00B0H.3       PUBLIC        P33
  B:00A0H.4       PUBLIC        P24
  B:0090H.5       PUBLIC        P15
  B:0080H.6       PUBLIC        P06
  B:00F8H.2       PUBLIC        P52
  B:00E8H.3       PUBLIC        P43
  B:00B0H.4       PUBLIC        P34
  B:00A0H.5       PUBLIC        P25
  B:0090H.6       PUBLIC        P16
  B:0080H.7       PUBLIC        P07
  X:0009H         PUBLIC        note
  B:00F8H.3       PUBLIC        P53
  B:00B0H.5       PUBLIC        P35
  B:00A0H.6       PUBLIC        P26
BL51 BANKED LINKER/LOCATER V6.22                                                      09/24/2014  23:22:54  PAGE 4


  B:0090H.7       PUBLIC        P17
  B:00F8H.4       PUBLIC        P54
  B:00B0H.6       PUBLIC        P36
  B:00A0H.7       PUBLIC        P27
  B:00F8H.5       PUBLIC        P55
  B:00E8H.6       PUBLIC        P46
  B:00B0H.7       PUBLIC        P37
  B:00F8H.6       PUBLIC        P56
  B:00F8H.7       PUBLIC        P57
  X:000BH         PUBLIC        oneCHANNEL
  X:000CH         PUBLIC        e13
  X:000DH         PUBLIC        i00
  X:000EH         PUBLIC        e23
  X:000FH         PUBLIC        rayCHANNEL
  X:0010H         PUBLIC        i01
  X:0011H         PUBLIC        snarebool
  X:0012H         PUBLIC        i20
  X:0013H         PUBLIC        i11
  X:0014H         PUBLIC        i02
  B:00A8H.5       PUBLIC        ET2
  X:0015H         PUBLIC        i21
  X:0016H         PUBLIC        i03
  B:00C8H.7       PUBLIC        TF2
  X:0017H         PUBLIC        i40
  X:0018H         PUBLIC        i22
  X:0019H         PUBLIC        i04
  D:008DH         PUBLIC        TH1
  X:001AH         PUBLIC        i50
  X:001BH         PUBLIC        i41
  X:001CH         PUBLIC        i32
  X:001DH         PUBLIC        i23
  X:001EH         PUBLIC        i14
  X:001FH         PUBLIC        i05
  X:0020H         PUBLIC        i51
  X:0021H         PUBLIC        i42
  X:0022H         PUBLIC        i33
  X:0023H         PUBLIC        i24
  X:0024H         PUBLIC        i15
  X:0025H         PUBLIC        i06
  X:0026H         PUBLIC        i52
  X:0027H         PUBLIC        i43
  X:0028H         PUBLIC        i34
  X:0029H         PUBLIC        i25
  X:002AH         PUBLIC        i16
  X:002BH         PUBLIC        i07
  X:002CH         PUBLIC        i53
  X:002DH         PUBLIC        i35
  X:002EH         PUBLIC        i26
  X:002FH         PUBLIC        i17
  B:0098H.6       PUBLIC        SM1
  X:0030H         PUBLIC        i54
  X:0031H         PUBLIC        i36
  X:0032H         PUBLIC        i27
  X:0033H         PUBLIC        i55
  X:0034H         PUBLIC        i46
  X:0035H         PUBLIC        i37
  D:00E2H         PUBLIC        IFD
BL51 BANKED LINKER/LOCATER V6.22                                                      09/24/2014  23:22:54  PAGE 5


  X:0036H         PUBLIC        i56
  C:595FH         PUBLIC        _UART_init
  X:0037H         PUBLIC        i57
  X:0038H         PUBLIC        keyboard
  B:0088H.6       PUBLIC        TR1
  X:0039H         PUBLIC        twoCHANNEL
  B:00C8H.2       PUBLIC        TR2
  D:00CCH         PUBLIC        T2R
  D:00CAH         PUBLIC        RCAP2
  X:003AH         PUBLIC        i10000
  X:003BH         PUBLIC        channel
  C:5708H         PUBLIC        SCON_int
  C:57A3H         PUBLIC        go_crazy
  D:0098H         PUBLIC        S0CON
  B:0098H.4       PUBLIC        REN
  D:0098H         PUBLIC        S1CON
  D:00C9H         PUBLIC        T2MOD
  D:00C8H         PUBLIC        T2CON
  D:00C8H         PUBLIC        T3CON
  D:00A3H         PUBLIC        AUXR2
  X:003CH         PUBLIC        velocity
  D:00D0H         PUBLIC        PSW
  X:003DH         PUBLIC        buffer
  D:0093H         PUBLIC        P0M0
  -------         PROC          _DELAY_MS
  X:03C1H         SYMBOL        dly
  -------         DO            
  X:03C3H         SYMBOL        dly1
  -------         ENDDO         
  C:5924H         LINE#         456
  C:592CH         LINE#         457
  C:592CH         LINE#         459
  C:593EH         LINE#         460
  C:595EH         LINE#         461
  -------         ENDPROC       _DELAY_MS
  -------         PROC          MAIN
  C:5528H         LINE#         71
  C:5528H         LINE#         72
  C:5528H         LINE#         73
  C:552BH         LINE#         74
  C:552EH         LINE#         75
  C:5531H         LINE#         76
  C:5534H         LINE#         77
  C:5537H         LINE#         78
  C:553AH         LINE#         79
  C:553DH         LINE#         80
  C:5544H         LINE#         82
  C:554CH         LINE#         83
  C:5554H         LINE#         86
  C:5566H         LINE#         87
  C:5570H         LINE#         89
  C:5573H         LINE#         90
  C:557AH         LINE#         93
  C:557DH         LINE#         97
  C:5580H         LINE#         98
  C:558CH         LINE#         100
  C:558EH         LINE#         128
BL51 BANKED LINKER/LOCATER V6.22                                                      09/24/2014  23:22:54  PAGE 6


  C:55DCH         LINE#         131
  C:567CH         LINE#         133
  C:56A4H         LINE#         136
  C:56A6H         LINE#         138
  C:56A8H         LINE#         139
  C:56AAH         LINE#         148
  C:56ADH         LINE#         149
  C:56ADH         LINE#         150
  C:56ADH         LINE#         152
  C:56CBH         LINE#         153
  C:56CBH         LINE#         154
  C:56CEH         LINE#         155
  C:56D0H         LINE#         156
  C:56ECH         LINE#         157
  C:56FDH         LINE#         158
  C:5705H         LINE#         162
  C:5707H         LINE#         163
  -------         ENDPROC       MAIN
  -------         PROC          _CONSUMETOKEN
  X:03C5H         SYMBOL        incomingByte
  -------         DO            
  X:03C6H         SYMBOL        controlray
  -------         ENDDO         
  C:309CH         LINE#         165
  C:30A1H         LINE#         166
  C:30A1H         LINE#         167
  C:30B0H         LINE#         169
  C:30BBH         LINE#         170
  C:30BBH         LINE#         171
  C:30C5H         LINE#         172
  C:30C6H         LINE#         173
  C:30CFH         LINE#         174
  C:30CFH         LINE#         175
  C:30DDH         LINE#         176
  C:30E6H         LINE#         177
  C:30E7H         LINE#         178
  C:30F0H         LINE#         179
  C:30F0H         LINE#         180
  C:30FEH         LINE#         181
  C:3107H         LINE#         182
  C:3108H         LINE#         183
  C:312BH         LINE#         184
  C:312BH         LINE#         185
  C:3137H         LINE#         186
  C:3137H         LINE#         187
  C:3154H         LINE#         188
  C:3179H         LINE#         189
  C:3179H         LINE#         195
  C:3179H         LINE#         196
  C:317AH         LINE#         198
  C:317AH         LINE#         199
  C:3184H         LINE#         200
  C:3198H         LINE#         201
  C:3198H         LINE#         243
  C:31A9H         LINE#         244
  C:31A9H         LINE#         245
  C:31B4H         LINE#         246
BL51 BANKED LINKER/LOCATER V6.22                                                      09/24/2014  23:22:54  PAGE 7


  C:31B4H         LINE#         247
  C:31DFH         LINE#         248
  C:31DFH         LINE#         249
  C:31DFH         LINE#         250
  C:31DFH         LINE#         251
  C:31F3H         LINE#         252
  C:329DH         LINE#         253
  C:329DH         LINE#         254
  C:329DH         LINE#         255
  C:32A7H         LINE#         256
  C:32AAH         LINE#         257
  C:32AAH         LINE#         258
  C:32B4H         LINE#         259
  C:32B7H         LINE#         260
  C:32B7H         LINE#         261
  C:32C1H         LINE#         262
  C:32C4H         LINE#         263
  C:32C4H         LINE#         264
  C:32CEH         LINE#         265
  C:32D1H         LINE#         266
  C:32D1H         LINE#         267
  C:32DBH         LINE#         268
  C:32DEH         LINE#         269
  C:32DEH         LINE#         270
  C:32E8H         LINE#         271
  C:32EBH         LINE#         272
  C:32EBH         LINE#         273
  C:32F5H         LINE#         274
  C:32F8H         LINE#         275
  C:32F8H         LINE#         276
  C:3302H         LINE#         277
  C:3305H         LINE#         278
  C:3305H         LINE#         279
  C:330FH         LINE#         280
  C:3312H         LINE#         281
  C:3312H         LINE#         282
  C:331CH         LINE#         283
  C:331FH         LINE#         284
  C:331FH         LINE#         285
  C:3329H         LINE#         286
  C:332CH         LINE#         287
  C:332CH         LINE#         288
  C:3336H         LINE#         289
  C:3339H         LINE#         290
  C:3339H         LINE#         291
  C:3343H         LINE#         292
  C:3346H         LINE#         293
  C:3346H         LINE#         294
  C:3350H         LINE#         295
  C:3353H         LINE#         296
  C:3353H         LINE#         297
  C:335DH         LINE#         298
  C:3360H         LINE#         299
  C:3360H         LINE#         300
  C:336AH         LINE#         301
  C:336DH         LINE#         302
  C:336DH         LINE#         303
BL51 BANKED LINKER/LOCATER V6.22                                                      09/24/2014  23:22:54  PAGE 8


  C:3377H         LINE#         304
  C:337AH         LINE#         305
  C:337AH         LINE#         306
  C:3384H         LINE#         307
  C:3387H         LINE#         308
  C:3387H         LINE#         309
  C:3391H         LINE#         310
  C:3394H         LINE#         311
  C:3394H         LINE#         312
  C:339EH         LINE#         313
  C:33A1H         LINE#         314
  C:33A1H         LINE#         315
  C:33ABH         LINE#         316
  C:33AEH         LINE#         318
  C:33AEH         LINE#         319
  C:33B8H         LINE#         320
  C:33BBH         LINE#         322
  C:33BBH         LINE#         323
  C:33C5H         LINE#         324
  C:33C8H         LINE#         325
  C:33C8H         LINE#         326
  C:33D2H         LINE#         327
  C:33D5H         LINE#         328
  C:33D5H         LINE#         329
  C:33DFH         LINE#         330
  C:33E2H         LINE#         331
  C:33E2H         LINE#         332
  C:33ECH         LINE#         333
  C:33EFH         LINE#         334
  C:33EFH         LINE#         335
  C:33F9H         LINE#         336
  C:33FCH         LINE#         337
  C:33FCH         LINE#         338
  C:3406H         LINE#         339
  C:3409H         LINE#         340
  C:3409H         LINE#         341
  C:3413H         LINE#         342
  C:3416H         LINE#         343
  C:3416H         LINE#         344
  C:3420H         LINE#         345
  C:3423H         LINE#         346
  C:3423H         LINE#         347
  C:342DH         LINE#         348
  C:3430H         LINE#         350
  C:3430H         LINE#         351
  C:343AH         LINE#         352
  C:343DH         LINE#         353
  C:343DH         LINE#         354
  C:3447H         LINE#         355
  C:344AH         LINE#         356
  C:344AH         LINE#         357
  C:3454H         LINE#         358
  C:3457H         LINE#         359
  C:3457H         LINE#         360
  C:3461H         LINE#         361
  C:3464H         LINE#         362
  C:3464H         LINE#         363
BL51 BANKED LINKER/LOCATER V6.22                                                      09/24/2014  23:22:54  PAGE 9


  C:346EH         LINE#         364
  C:3471H         LINE#         365
  C:3471H         LINE#         366
  C:347BH         LINE#         367
  C:347EH         LINE#         368
  C:347EH         LINE#         369
  C:3488H         LINE#         370
  C:348BH         LINE#         372
  C:348BH         LINE#         373
  C:348EH         LINE#         374
  C:348EH         LINE#         375
  C:348EH         LINE#         376
  C:34A2H         LINE#         377
  C:3544H         LINE#         378
  C:3544H         LINE#         379
  C:3544H         LINE#         380
  C:354EH         LINE#         381
  C:3551H         LINE#         382
  C:3551H         LINE#         383
  C:355BH         LINE#         384
  C:355EH         LINE#         385
  C:355EH         LINE#         386
  C:3568H         LINE#         387
  C:356BH         LINE#         388
  C:356BH         LINE#         389
  C:3575H         LINE#         390
  C:3578H         LINE#         391
  C:3578H         LINE#         392
  C:3582H         LINE#         393
  C:3585H         LINE#         394
  C:3585H         LINE#         395
  C:358FH         LINE#         396
  C:3592H         LINE#         397
  C:3592H         LINE#         398
  C:359CH         LINE#         399
  C:359FH         LINE#         400
  C:359FH         LINE#         401
  C:35A9H         LINE#         402
  C:35ACH         LINE#         403
  C:35ACH         LINE#         404
  C:35B6H         LINE#         405
  C:35B9H         LINE#         406
  C:35B9H         LINE#         407
  C:35C3H         LINE#         408
  C:35C6H         LINE#         409
  C:35C6H         LINE#         410
  C:35D0H         LINE#         411
  C:35D3H         LINE#         412
  C:35D3H         LINE#         413
  C:35DDH         LINE#         414
  C:35E0H         LINE#         415
  C:35E0H         LINE#         416
  C:35EAH         LINE#         417
  C:35EDH         LINE#         418
  C:35EDH         LINE#         419
  C:35F7H         LINE#         420
  C:35FAH         LINE#         421
BL51 BANKED LINKER/LOCATER V6.22                                                      09/24/2014  23:22:54  PAGE 10


  C:35FAH         LINE#         422
  C:3604H         LINE#         423
  C:3607H         LINE#         424
  C:3607H         LINE#         425
  C:3611H         LINE#         426
  C:3614H         LINE#         427
  C:3614H         LINE#         428
  C:361EH         LINE#         429
  C:3621H         LINE#         430
  C:3621H         LINE#         431
  C:362BH         LINE#         432
  C:362EH         LINE#         433
  C:362EH         LINE#         434
  C:3638H         LINE#         435
  C:363BH         LINE#         436
  C:363BH         LINE#         437
  C:3645H         LINE#         438
  C:3648H         LINE#         440
  C:3648H         LINE#         441
  C:3652H         LINE#         442
  C:3655H         LINE#         443
  C:3655H         LINE#         444
  C:365FH         LINE#         445
  C:3662H         LINE#         447
  C:3662H         LINE#         448
  C:366CH         LINE#         449
  C:366FH         LINE#         450
  C:366FH         LINE#         451
  C:3679H         LINE#         452
  C:367CH         LINE#         453
  C:367CH         LINE#         454
  C:3686H         LINE#         455
  C:3689H         LINE#         456
  C:3689H         LINE#         457
  C:3693H         LINE#         458
  C:3696H         LINE#         459
  C:3696H         LINE#         460
  C:36A0H         LINE#         461
  C:36A3H         LINE#         462
  C:36A3H         LINE#         463
  C:36ADH         LINE#         464
  C:36B0H         LINE#         465
  C:36B0H         LINE#         466
  C:36BAH         LINE#         467
  C:36BDH         LINE#         468
  C:36BDH         LINE#         469
  C:36C7H         LINE#         470
  C:36CAH         LINE#         471
  C:36CAH         LINE#         472
  C:36D4H         LINE#         473
  C:36D7H         LINE#         475
  C:36D7H         LINE#         476
  C:36E1H         LINE#         477
  C:36E4H         LINE#         478
  C:36E4H         LINE#         479
  C:36EEH         LINE#         480
  C:36F1H         LINE#         481
BL51 BANKED LINKER/LOCATER V6.22                                                      09/24/2014  23:22:54  PAGE 11


  C:36F1H         LINE#         482
  C:36FBH         LINE#         483
  C:36FEH         LINE#         484
  C:36FEH         LINE#         485
  C:3708H         LINE#         486
  C:370BH         LINE#         487
  C:370BH         LINE#         488
  C:3715H         LINE#         489
  C:3718H         LINE#         491
  C:3718H         LINE#         492
  C:371BH         LINE#         493
  C:371BH         LINE#         494
  C:37F5H         LINE#         495
  C:37F5H         LINE#         496
  C:37F5H         LINE#         497
  C:37FBH         LINE#         498
  C:3801H         LINE#         499
  C:3807H         LINE#         500
  C:380AH         LINE#         501
  C:380AH         LINE#         502
  C:3810H         LINE#         503
  C:3816H         LINE#         504
  C:381CH         LINE#         505
  C:3822H         LINE#         506
  C:3828H         LINE#         507
  C:382BH         LINE#         508
  C:382BH         LINE#         509
  C:3831H         LINE#         510
  C:3837H         LINE#         511
  C:383DH         LINE#         512
  C:3840H         LINE#         513
  C:3840H         LINE#         514
  C:3846H         LINE#         515
  C:384CH         LINE#         516
  C:3852H         LINE#         517
  C:3858H         LINE#         518
  C:385BH         LINE#         519
  C:385BH         LINE#         520
  C:3861H         LINE#         521
  C:3867H         LINE#         522
  C:386DH         LINE#         523
  C:3870H         LINE#         524
  C:3870H         LINE#         525
  C:3876H         LINE#         526
  C:387CH         LINE#         527
  C:3882H         LINE#         528
  C:3888H         LINE#         529
  C:388EH         LINE#         530
  C:3894H         LINE#         531
  C:3897H         LINE#         532
  C:3897H         LINE#         533
  C:389DH         LINE#         534
  C:38A3H         LINE#         535
  C:38A9H         LINE#         536
  C:38AFH         LINE#         537
  C:38B5H         LINE#         538
  C:38BBH         LINE#         539
BL51 BANKED LINKER/LOCATER V6.22                                                      09/24/2014  23:22:54  PAGE 12


  C:38BEH         LINE#         540
  C:38BEH         LINE#         541
  C:38C4H         LINE#         542
  C:38CAH         LINE#         543
  C:38D0H         LINE#         544
  C:38D3H         LINE#         545
  C:38D3H         LINE#         546
  C:38D9H         LINE#         547
  C:38DFH         LINE#         548
  C:38E5H         LINE#         549
  C:38EBH         LINE#         550
  C:38F1H         LINE#         551
  C:38F4H         LINE#         552
  C:38F4H         LINE#         553
  C:38FAH         LINE#         554
  C:3900H         LINE#         555
  C:3906H         LINE#         556
  C:3909H         LINE#         557
  C:3909H         LINE#         558
  C:390FH         LINE#         559
  C:3915H         LINE#         560
  C:391BH         LINE#         561
  C:3921H         LINE#         562
  C:3927H         LINE#         563
  C:392AH         LINE#         564
  C:392AH         LINE#         565
  C:3930H         LINE#         566
  C:3936H         LINE#         567
  C:393CH         LINE#         568
  C:3942H         LINE#         569
  C:3945H         LINE#         570
  C:3945H         LINE#         571
  C:394BH         LINE#         572
  C:394EH         LINE#         573
  C:394EH         LINE#         574
  C:3954H         LINE#         575
  C:3957H         LINE#         576
  C:3957H         LINE#         577
  C:395DH         LINE#         578
  C:3963H         LINE#         579
  C:3969H         LINE#         580
  C:396CH         LINE#         581
  C:396CH         LINE#         582
  C:3972H         LINE#         583
  C:3978H         LINE#         584
  C:397EH         LINE#         585
  C:3984H         LINE#         586
  C:398AH         LINE#         587
  C:398DH         LINE#         588
  C:398DH         LINE#         589
  C:3993H         LINE#         590
  C:3999H         LINE#         591
  C:399FH         LINE#         592
  C:39A2H         LINE#         593
  C:39A2H         LINE#         594
  C:39A8H         LINE#         595
  C:39AEH         LINE#         596
BL51 BANKED LINKER/LOCATER V6.22                                                      09/24/2014  23:22:54  PAGE 13


  C:39B4H         LINE#         597
  C:39BAH         LINE#         598
  C:39BDH         LINE#         599
  C:39BDH         LINE#         600
  C:39C3H         LINE#         601
  C:39C9H         LINE#         602
  C:39CCH         LINE#         603
  C:39CCH         LINE#         604
  C:39D2H         LINE#         605
  C:39D8H         LINE#         606
  C:39DEH         LINE#         607
  C:39E4H         LINE#         608
  C:39EAH         LINE#         609
  C:39F0H         LINE#         610
  C:39F3H         LINE#         611
  C:39F3H         LINE#         612
  C:39F9H         LINE#         613
  C:39FFH         LINE#         614
  C:3A05H         LINE#         615
  C:3A0BH         LINE#         616
  C:3A11H         LINE#         617
  C:3A17H         LINE#         618
  C:3A1AH         LINE#         619
  C:3A1AH         LINE#         620
  C:3A20H         LINE#         621
  C:3A26H         LINE#         622
  C:3A2CH         LINE#         623
  C:3A32H         LINE#         624
  C:3A35H         LINE#         625
  C:3A35H         LINE#         626
  C:3A3BH         LINE#         627
  C:3A41H         LINE#         628
  C:3A47H         LINE#         629
  C:3A4DH         LINE#         630
  C:3A53H         LINE#         631
  C:3A56H         LINE#         632
  C:3A56H         LINE#         633
  C:3A5CH         LINE#         634
  C:3A62H         LINE#         635
  C:3A68H         LINE#         636
  C:3A6BH         LINE#         637
  C:3A6BH         LINE#         638
  C:3A71H         LINE#         639
  C:3A77H         LINE#         640
  C:3A7DH         LINE#         641
  C:3A83H         LINE#         642
  C:3A89H         LINE#         643
  C:3A8CH         LINE#         644
  C:3A8CH         LINE#         645
  C:3A92H         LINE#         646
  C:3A98H         LINE#         647
  C:3A9EH         LINE#         648
  C:3AA4H         LINE#         649
  C:3AA7H         LINE#         650
  C:3AA7H         LINE#         651
  C:3AADH         LINE#         652
  C:3AB3H         LINE#         653
BL51 BANKED LINKER/LOCATER V6.22                                                      09/24/2014  23:22:54  PAGE 14


  C:3AB9H         LINE#         654
  C:3ABFH         LINE#         655
  C:3AC2H         LINE#         656
  C:3AC2H         LINE#         657
  C:3AC8H         LINE#         658
  C:3ACEH         LINE#         659
  C:3AD4H         LINE#         660
  C:3AD7H         LINE#         661
  C:3AD7H         LINE#         662
  C:3ADDH         LINE#         663
  C:3AE3H         LINE#         664
  C:3AE9H         LINE#         665
  C:3AECH         LINE#         666
  C:3AECH         LINE#         667
  C:3AF2H         LINE#         668
  C:3AF8H         LINE#         669
  C:3AFEH         LINE#         670
  C:3B04H         LINE#         671
  C:3B07H         LINE#         672
  C:3B07H         LINE#         673
  C:3B0DH         LINE#         674
  C:3B13H         LINE#         675
  C:3B16H         LINE#         676
  C:3B16H         LINE#         677
  C:3B1CH         LINE#         678
  C:3B22H         LINE#         679
  C:3B28H         LINE#         680
  C:3B2EH         LINE#         681
  C:3B34H         LINE#         682
  C:3B3AH         LINE#         683
  C:3B3DH         LINE#         684
  C:3B3DH         LINE#         685
  C:3B43H         LINE#         686
  C:3B49H         LINE#         687
  C:3B4FH         LINE#         688
  C:3B52H         LINE#         689
  C:3B52H         LINE#         690
  C:3B58H         LINE#         691
  C:3B5EH         LINE#         692
  C:3B64H         LINE#         693
  C:3B67H         LINE#         694
  C:3B67H         LINE#         695
  C:3B6DH         LINE#         696
  C:3B73H         LINE#         697
  C:3B79H         LINE#         698
  C:3B7FH         LINE#         699
  C:3B82H         LINE#         700
  C:3B82H         LINE#         701
  C:3B88H         LINE#         702
  C:3B8EH         LINE#         703
  C:3B91H         LINE#         704
  C:3B91H         LINE#         705
  C:3B97H         LINE#         706
  C:3B9DH         LINE#         707
  C:3BA3H         LINE#         708
  C:3BA9H         LINE#         709
  C:3BAFH         LINE#         710
BL51 BANKED LINKER/LOCATER V6.22                                                      09/24/2014  23:22:54  PAGE 15


  C:3BB2H         LINE#         711
  C:3BB2H         LINE#         712
  C:3BB8H         LINE#         713
  C:3BBEH         LINE#         714
  C:3BC4H         LINE#         715
  C:3BCAH         LINE#         716
  C:3BCDH         LINE#         717
  C:3BCDH         LINE#         718
  C:3BD3H         LINE#         719
  C:3BD9H         LINE#         720
  C:3BDCH         LINE#         721
  C:3BDCH         LINE#         722
  C:3BE2H         LINE#         723
  C:3BE8H         LINE#         724
  C:3BEEH         LINE#         725
  C:3BF4H         LINE#         726
  C:3BFAH         LINE#         727
  C:3BFDH         LINE#         728
  C:3BFDH         LINE#         729
  C:3C03H         LINE#         730
  C:3C09H         LINE#         731
  C:3C0FH         LINE#         732
  C:3C15H         LINE#         733
  C:3C18H         LINE#         734
  C:3C18H         LINE#         735
  C:3C1EH         LINE#         736
  C:3C24H         LINE#         737
  C:3C2AH         LINE#         738
  C:3C30H         LINE#         739
  C:3C33H         LINE#         740
  C:3C33H         LINE#         741
  C:3C39H         LINE#         742
  C:3C3FH         LINE#         743
  C:3C45H         LINE#         744
  C:3C48H         LINE#         745
  C:3C48H         LINE#         746
  C:3C4EH         LINE#         747
  C:3C54H         LINE#         748
  C:3C5AH         LINE#         749
  C:3C60H         LINE#         750
  C:3C63H         LINE#         751
  C:3C63H         LINE#         752
  C:3C69H         LINE#         753
  C:3C6FH         LINE#         754
  C:3C75H         LINE#         755
  C:3C7BH         LINE#         756
  C:3C7DH         LINE#         757
  C:3C7DH         LINE#         758
  C:3C83H         LINE#         759
  C:3C89H         LINE#         760
  C:3C8FH         LINE#         761
  C:3C91H         LINE#         762
  C:3C91H         LINE#         763
  C:3C97H         LINE#         764
  C:3C9DH         LINE#         765
  C:3CA3H         LINE#         766
  C:3CA9H         LINE#         767
BL51 BANKED LINKER/LOCATER V6.22                                                      09/24/2014  23:22:54  PAGE 16


  C:3CABH         LINE#         768
  C:3CABH         LINE#         769
  C:3CB1H         LINE#         770
  C:3CB7H         LINE#         771
  C:3CBDH         LINE#         772
  C:3CBFH         LINE#         773
  C:3CBFH         LINE#         774
  C:3CC5H         LINE#         775
  C:3CCBH         LINE#         776
  C:3CD1H         LINE#         777
  C:3CD7H         LINE#         778
  C:3CD9H         LINE#         779
  C:3CD9H         LINE#         780
  C:3CDFH         LINE#         781
  C:3CE5H         LINE#         782
  C:3CEBH         LINE#         783
  C:3CF1H         LINE#         784
  C:3CF1H         LINE#         785
  C:3CF1H         LINE#         786
  C:3CF1H         LINE#         787
  C:3CF1H         LINE#         788
  C:3CF7H         LINE#         789
  C:3D81H         LINE#         790
  C:3D81H         LINE#         791
  C:3D81H         LINE#         792
  C:3D89H         LINE#         793
  C:3D89H         LINE#         794
  C:3D8FH         LINE#         795
  C:3D8FH         LINE#         796
  C:3D97H         LINE#         797
  C:3D97H         LINE#         798
  C:3D9DH         LINE#         799
  C:3D9DH         LINE#         800
  C:3DA5H         LINE#         801
  C:3DA5H         LINE#         802
  C:3DABH         LINE#         803
  C:3DABH         LINE#         804
  C:3DB3H         LINE#         805
  C:3DB3H         LINE#         806
  C:3DB9H         LINE#         807
  C:3DB9H         LINE#         808
  C:3DBFH         LINE#         809
  C:3DC2H         LINE#         810
  C:3DC2H         LINE#         811
  C:3DC8H         LINE#         812
  C:3DCEH         LINE#         813
  C:3DD1H         LINE#         814
  C:3DD1H         LINE#         815
  C:3DD7H         LINE#         816
  C:3DDDH         LINE#         817
  C:3DE0H         LINE#         818
  C:3DE0H         LINE#         819
  C:3DE6H         LINE#         820
  C:3DECH         LINE#         821
  C:3DEFH         LINE#         822
  C:3DEFH         LINE#         823
  C:3DF5H         LINE#         824
BL51 BANKED LINKER/LOCATER V6.22                                                      09/24/2014  23:22:54  PAGE 17


  C:3DFBH         LINE#         825
  C:3DFEH         LINE#         826
  C:3DFEH         LINE#         827
  C:3E06H         LINE#         828
  C:3E06H         LINE#         829
  C:3E0CH         LINE#         830
  C:3E0CH         LINE#         831
  C:3E14H         LINE#         832
  C:3E14H         LINE#         833
  C:3E1AH         LINE#         834
  C:3E1AH         LINE#         835
  C:3E22H         LINE#         836
  C:3E22H         LINE#         837
  C:3E28H         LINE#         838
  C:3E28H         LINE#         839
  C:3E30H         LINE#         840
  C:3E30H         LINE#         841
  C:3E36H         LINE#         842
  C:3E36H         LINE#         843
  C:3E3CH         LINE#         844
  C:3E3FH         LINE#         845
  C:3E3FH         LINE#         846
  C:3E45H         LINE#         847
  C:3E4BH         LINE#         848
  C:3E4EH         LINE#         849
  C:3E4EH         LINE#         850
  C:3E54H         LINE#         851
  C:3E5AH         LINE#         852
  C:3E5DH         LINE#         853
  C:3E5DH         LINE#         854
  C:3E63H         LINE#         855
  C:3E69H         LINE#         856
  C:3E6CH         LINE#         857
  C:3E6CH         LINE#         858
  C:3E72H         LINE#         859
  C:3E78H         LINE#         860
  C:3E7BH         LINE#         861
  C:3E7BH         LINE#         862
  C:3E83H         LINE#         863
  C:3E83H         LINE#         864
  C:3E89H         LINE#         865
  C:3E89H         LINE#         866
  C:3E91H         LINE#         867
  C:3E91H         LINE#         868
  C:3E97H         LINE#         869
  C:3E97H         LINE#         870
  C:3E9FH         LINE#         871
  C:3E9FH         LINE#         872
  C:3EA5H         LINE#         873
  C:3EA5H         LINE#         874
  C:3EADH         LINE#         875
  C:3EADH         LINE#         876
  C:3EB3H         LINE#         877
  C:3EB3H         LINE#         878
  C:3EB9H         LINE#         879
  C:3EBCH         LINE#         880
  C:3EBCH         LINE#         881
BL51 BANKED LINKER/LOCATER V6.22                                                      09/24/2014  23:22:54  PAGE 18


  C:3EC2H         LINE#         882
  C:3EC8H         LINE#         883
  C:3ECBH         LINE#         884
  C:3ECBH         LINE#         885
  C:3ED1H         LINE#         886
  C:3ED7H         LINE#         887
  C:3EDAH         LINE#         888
  C:3EDAH         LINE#         889
  C:3EE0H         LINE#         890
  C:3EE6H         LINE#         891
  C:3EE9H         LINE#         892
  C:3EE9H         LINE#         893
  C:3EEFH         LINE#         894
  C:3EF5H         LINE#         895
  C:3EF8H         LINE#         896
  C:3EF8H         LINE#         897
  C:3F00H         LINE#         898
  C:3F00H         LINE#         899
  C:3F06H         LINE#         900
  C:3F06H         LINE#         901
  C:3F0EH         LINE#         902
  C:3F0EH         LINE#         903
  C:3F14H         LINE#         904
  C:3F14H         LINE#         905
  C:3F1CH         LINE#         906
  C:3F1CH         LINE#         907
  C:3F22H         LINE#         908
  C:3F22H         LINE#         909
  C:3F28H         LINE#         910
  C:3F2BH         LINE#         911
  C:3F2BH         LINE#         912
  C:3F31H         LINE#         913
  C:3F37H         LINE#         914
  C:3F3AH         LINE#         915
  C:3F3AH         LINE#         916
  C:3F40H         LINE#         917
  C:3F46H         LINE#         918
  C:3F49H         LINE#         919
  C:3F49H         LINE#         920
  C:3F4FH         LINE#         921
  C:3F55H         LINE#         922
  C:3F58H         LINE#         923
  C:3F58H         LINE#         924
  C:3F60H         LINE#         925
  C:3F60H         LINE#         926
  C:3F66H         LINE#         927
  C:3F66H         LINE#         929
  C:3F6EH         LINE#         930
  C:3F6EH         LINE#         931
  C:3F74H         LINE#         932
  C:3F74H         LINE#         934
  C:3F7CH         LINE#         935
  C:3F7CH         LINE#         936
  C:3F82H         LINE#         937
  C:3F82H         LINE#         938
  C:3F8AH         LINE#         939
  C:3F8AH         LINE#         940
BL51 BANKED LINKER/LOCATER V6.22                                                      09/24/2014  23:22:54  PAGE 19


  C:3F90H         LINE#         941
  C:3F90H         LINE#         942
  C:3F96H         LINE#         943
  C:3F99H         LINE#         944
  C:3F99H         LINE#         945
  C:3F9FH         LINE#         946
  C:3FA5H         LINE#         947
  C:3FA8H         LINE#         948
  C:3FA8H         LINE#         950
  C:3FAEH         LINE#         952
  C:3FB4H         LINE#         953
  C:3FB7H         LINE#         954
  C:3FB7H         LINE#         955
  C:3FBDH         LINE#         956
  C:3FC3H         LINE#         957
  C:3FC6H         LINE#         958
  C:3FC6H         LINE#         959
  C:3FCCH         LINE#         960
  C:3FD2H         LINE#         961
  C:3FD5H         LINE#         962
  C:3FD5H         LINE#         963
  C:3FDDH         LINE#         964
  C:3FDDH         LINE#         965
  C:3FE3H         LINE#         966
  C:3FE3H         LINE#         967
  C:3FEBH         LINE#         968
  C:3FEBH         LINE#         969
  C:3FF1H         LINE#         970
  C:3FF1H         LINE#         971
  C:3FF9H         LINE#         972
  C:3FF9H         LINE#         973
  C:3FFFH         LINE#         974
  C:3FFFH         LINE#         975
  C:4007H         LINE#         976
  C:4007H         LINE#         977
  C:400DH         LINE#         978
  C:400DH         LINE#         979
  C:4015H         LINE#         980
  C:4015H         LINE#         981
  C:401BH         LINE#         982
  C:401BH         LINE#         983
  C:4021H         LINE#         984
  C:4024H         LINE#         985
  C:4024H         LINE#         986
  C:402AH         LINE#         987
  C:4030H         LINE#         988
  C:4033H         LINE#         989
  C:4033H         LINE#         990
  C:4039H         LINE#         991
  C:403FH         LINE#         992
  C:4042H         LINE#         993
  C:4042H         LINE#         994
  C:4048H         LINE#         995
  C:404EH         LINE#         996
  C:4051H         LINE#         997
  C:4051H         LINE#         998
  C:4057H         LINE#         999
BL51 BANKED LINKER/LOCATER V6.22                                                      09/24/2014  23:22:54  PAGE 20


  C:405DH         LINE#         1000
  C:4060H         LINE#         1001
  C:4060H         LINE#         1002
  C:4066H         LINE#         1003
  C:406CH         LINE#         1004
  C:406FH         LINE#         1005
  C:406FH         LINE#         1006
  C:4072H         LINE#         1007
  C:4072H         LINE#         1008
  C:4078H         LINE#         1009
  C:40FAH         LINE#         1010
  C:40FAH         LINE#         1011
  C:40FAH         LINE#         1012
  C:4102H         LINE#         1013
  C:4102H         LINE#         1014
  C:4108H         LINE#         1015
  C:4108H         LINE#         1016
  C:4110H         LINE#         1017
  C:4110H         LINE#         1018
  C:4116H         LINE#         1019
  C:4116H         LINE#         1020
  C:411EH         LINE#         1021
  C:411EH         LINE#         1022
  C:4124H         LINE#         1023
  C:4124H         LINE#         1024
  C:412CH         LINE#         1025
  C:412CH         LINE#         1026
  C:4132H         LINE#         1027
  C:4132H         LINE#         1028
  C:4138H         LINE#         1029
  C:413BH         LINE#         1030
  C:413BH         LINE#         1031
  C:4143H         LINE#         1032
  C:4143H         LINE#         1033
  C:4149H         LINE#         1034
  C:4149H         LINE#         1035
  C:4151H         LINE#         1036
  C:4151H         LINE#         1037
  C:4157H         LINE#         1038
  C:4157H         LINE#         1039
  C:415FH         LINE#         1040
  C:415FH         LINE#         1041
  C:4165H         LINE#         1042
  C:4165H         LINE#         1043
  C:416BH         LINE#         1044
  C:4171H         LINE#         1045
  C:4174H         LINE#         1046
  C:4174H         LINE#         1047
  C:417CH         LINE#         1048
  C:417CH         LINE#         1049
  C:4182H         LINE#         1050
  C:4182H         LINE#         1051
  C:418AH         LINE#         1052
  C:418AH         LINE#         1053
  C:4190H         LINE#         1054
  C:4190H         LINE#         1055
  C:4196H         LINE#         1056
BL51 BANKED LINKER/LOCATER V6.22                                                      09/24/2014  23:22:54  PAGE 21


  C:419CH         LINE#         1057
  C:419FH         LINE#         1058
  C:419FH         LINE#         1059
  C:41A7H         LINE#         1060
  C:41A7H         LINE#         1061
  C:41ADH         LINE#         1062
  C:41ADH         LINE#         1063
  C:41B3H         LINE#         1064
  C:41B9H         LINE#         1065
  C:41BCH         LINE#         1066
  C:41BCH         LINE#         1067
  C:41C2H         LINE#         1068
  C:41C8H         LINE#         1069
  C:41CBH         LINE#         1070
  C:41CBH         LINE#         1071
  C:41D3H         LINE#         1072
  C:41D3H         LINE#         1073
  C:41D9H         LINE#         1074
  C:41D9H         LINE#         1075
  C:41E1H         LINE#         1076
  C:41E1H         LINE#         1077
  C:41E7H         LINE#         1078
  C:41E7H         LINE#         1079
  C:41EFH         LINE#         1080
  C:41EFH         LINE#         1081
  C:41F5H         LINE#         1082
  C:41F5H         LINE#         1083
  C:41FDH         LINE#         1084
  C:41FDH         LINE#         1085
  C:4203H         LINE#         1086
  C:4203H         LINE#         1087
  C:4209H         LINE#         1088
  C:420CH         LINE#         1089
  C:420CH         LINE#         1090
  C:4214H         LINE#         1091
  C:4214H         LINE#         1092
  C:421AH         LINE#         1093
  C:421AH         LINE#         1094
  C:4222H         LINE#         1095
  C:4222H         LINE#         1096
  C:4228H         LINE#         1097
  C:4228H         LINE#         1098
  C:4230H         LINE#         1099
  C:4230H         LINE#         1100
  C:4236H         LINE#         1101
  C:4236H         LINE#         1102
  C:423CH         LINE#         1103
  C:4242H         LINE#         1104
  C:4245H         LINE#         1105
  C:4245H         LINE#         1106
  C:424DH         LINE#         1107
  C:424DH         LINE#         1108
  C:4253H         LINE#         1109
  C:4253H         LINE#         1110
  C:425BH         LINE#         1111
  C:425BH         LINE#         1112
  C:4261H         LINE#         1113
BL51 BANKED LINKER/LOCATER V6.22                                                      09/24/2014  23:22:54  PAGE 22


  C:4261H         LINE#         1114
  C:4267H         LINE#         1115
  C:426DH         LINE#         1116
  C:4270H         LINE#         1117
  C:4270H         LINE#         1118
  C:4278H         LINE#         1119
  C:4278H         LINE#         1120
  C:427EH         LINE#         1121
  C:427EH         LINE#         1122
  C:4284H         LINE#         1123
  C:428AH         LINE#         1124
  C:428DH         LINE#         1125
  C:428DH         LINE#         1126
  C:4293H         LINE#         1127
  C:4299H         LINE#         1128
  C:429CH         LINE#         1129
  C:429CH         LINE#         1130
  C:42A4H         LINE#         1131
  C:42A4H         LINE#         1132
  C:42AAH         LINE#         1133
  C:42AAH         LINE#         1134
  C:42B2H         LINE#         1135
  C:42B2H         LINE#         1136
  C:42B8H         LINE#         1137
  C:42B8H         LINE#         1138
  C:42C0H         LINE#         1139
  C:42C0H         LINE#         1140
  C:42C6H         LINE#         1141
  C:42C6H         LINE#         1142
  C:42CEH         LINE#         1143
  C:42CEH         LINE#         1144
  C:42D4H         LINE#         1145
  C:42D4H         LINE#         1146
  C:42DAH         LINE#         1147
  C:42DDH         LINE#         1148
  C:42DDH         LINE#         1149
  C:42E5H         LINE#         1150
  C:42E5H         LINE#         1151
  C:42EBH         LINE#         1152
  C:42EBH         LINE#         1153
  C:42F3H         LINE#         1154
  C:42F3H         LINE#         1155
  C:42F9H         LINE#         1156
  C:42F9H         LINE#         1157
  C:4301H         LINE#         1158
  C:4301H         LINE#         1159
  C:4307H         LINE#         1160
  C:4307H         LINE#         1161
  C:430DH         LINE#         1162
  C:4313H         LINE#         1163
  C:4316H         LINE#         1164
  C:4316H         LINE#         1165
  C:431EH         LINE#         1166
  C:431EH         LINE#         1167
  C:4324H         LINE#         1168
  C:4324H         LINE#         1169
  C:432CH         LINE#         1170
BL51 BANKED LINKER/LOCATER V6.22                                                      09/24/2014  23:22:54  PAGE 23


  C:432CH         LINE#         1171
  C:4332H         LINE#         1172
  C:4332H         LINE#         1173
  C:4338H         LINE#         1174
  C:433EH         LINE#         1175
  C:4341H         LINE#         1176
  C:4341H         LINE#         1177
  C:4349H         LINE#         1178
  C:4349H         LINE#         1179
  C:434FH         LINE#         1180
  C:434FH         LINE#         1181
  C:4355H         LINE#         1182
  C:435BH         LINE#         1183
  C:435EH         LINE#         1184
  C:435EH         LINE#         1185
  C:4364H         LINE#         1186
  C:436AH         LINE#         1187
  C:436DH         LINE#         1188
  C:436DH         LINE#         1189
  C:4375H         LINE#         1190
  C:4375H         LINE#         1191
  C:437BH         LINE#         1192
  C:437BH         LINE#         1193
  C:4383H         LINE#         1194
  C:4383H         LINE#         1195
  C:4389H         LINE#         1196
  C:4389H         LINE#         1197
  C:4391H         LINE#         1198
  C:4391H         LINE#         1199
  C:4397H         LINE#         1200
  C:4397H         LINE#         1201
  C:439FH         LINE#         1202
  C:439FH         LINE#         1203
  C:43A5H         LINE#         1204
  C:43A5H         LINE#         1205
  C:43ADH         LINE#         1206
  C:43ADH         LINE#         1207
  C:43B3H         LINE#         1208
  C:43B3H         LINE#         1209
  C:43BBH         LINE#         1210
  C:43BBH         LINE#         1211
  C:43C1H         LINE#         1212
  C:43C1H         LINE#         1213
  C:43C9H         LINE#         1214
  C:43C9H         LINE#         1215
  C:43CFH         LINE#         1216
  C:43CFH         LINE#         1217
  C:43D7H         LINE#         1218
  C:43D7H         LINE#         1219
  C:43DDH         LINE#         1220
  C:43DDH         LINE#         1221
  C:43E5H         LINE#         1222
  C:43E5H         LINE#         1223
  C:43EBH         LINE#         1224
  C:43EBH         LINE#         1225
  C:43F3H         LINE#         1226
  C:43F3H         LINE#         1227
BL51 BANKED LINKER/LOCATER V6.22                                                      09/24/2014  23:22:54  PAGE 24


  C:43F9H         LINE#         1228
  C:43F9H         LINE#         1229
  C:4401H         LINE#         1230
  C:4401H         LINE#         1231
  C:4407H         LINE#         1232
  C:4407H         LINE#         1233
  C:440FH         LINE#         1234
  C:440FH         LINE#         1235
  C:4415H         LINE#         1236
  C:4415H         LINE#         1237
  C:441BH         LINE#         1238
  C:441EH         LINE#         1239
  C:441EH         LINE#         1240
  C:4426H         LINE#         1241
  C:4426H         LINE#         1242
  C:442CH         LINE#         1243
  C:442CH         LINE#         1244
  C:4434H         LINE#         1245
  C:4434H         LINE#         1246
  C:443AH         LINE#         1247
  C:443AH         LINE#         1248
  C:4442H         LINE#         1249
  C:4442H         LINE#         1250
  C:4448H         LINE#         1251
  C:4448H         LINE#         1252
  C:4450H         LINE#         1253
  C:4450H         LINE#         1254
  C:4456H         LINE#         1255
  C:4456H         LINE#         1256
  C:445EH         LINE#         1257
  C:445EH         LINE#         1258
  C:4464H         LINE#         1259
  C:4464H         LINE#         1260
  C:446CH         LINE#         1261
  C:446CH         LINE#         1262
  C:4472H         LINE#         1263
  C:4472H         LINE#         1264
  C:447AH         LINE#         1265
  C:447AH         LINE#         1266
  C:4480H         LINE#         1267
  C:4480H         LINE#         1268
  C:4488H         LINE#         1269
  C:4488H         LINE#         1270
  C:448EH         LINE#         1271
  C:448EH         LINE#         1272
  C:4496H         LINE#         1273
  C:4496H         LINE#         1274
  C:449CH         LINE#         1275
  C:449CH         LINE#         1276
  C:44A4H         LINE#         1277
  C:44A4H         LINE#         1278
  C:44AAH         LINE#         1279
  C:44AAH         LINE#         1280
  C:44B2H         LINE#         1281
  C:44B2H         LINE#         1282
  C:44B8H         LINE#         1283
  C:44B8H         LINE#         1284
BL51 BANKED LINKER/LOCATER V6.22                                                      09/24/2014  23:22:54  PAGE 25


  C:44BEH         LINE#         1285
  C:44C4H         LINE#         1286
  C:44C7H         LINE#         1287
  C:44C7H         LINE#         1288
  C:44CFH         LINE#         1289
  C:44CFH         LINE#         1290
  C:44D5H         LINE#         1291
  C:44D5H         LINE#         1292
  C:44DDH         LINE#         1293
  C:44DDH         LINE#         1294
  C:44E3H         LINE#         1295
  C:44E3H         LINE#         1296
  C:44EBH         LINE#         1297
  C:44EBH         LINE#         1298
  C:44F1H         LINE#         1299
  C:44F1H         LINE#         1300
  C:44F9H         LINE#         1301
  C:44F9H         LINE#         1302
  C:44FFH         LINE#         1303
  C:44FFH         LINE#         1304
  C:4507H         LINE#         1305
  C:4507H         LINE#         1306
  C:450DH         LINE#         1307
  C:450DH         LINE#         1308
  C:4515H         LINE#         1309
  C:4515H         LINE#         1310
  C:451BH         LINE#         1311
  C:451BH         LINE#         1312
  C:4523H         LINE#         1313
  C:4523H         LINE#         1314
  C:4529H         LINE#         1315
  C:4529H         LINE#         1316
  C:4531H         LINE#         1317
  C:4531H         LINE#         1318
  C:4537H         LINE#         1319
  C:4537H         LINE#         1320
  C:453FH         LINE#         1321
  C:453FH         LINE#         1322
  C:4545H         LINE#         1323
  C:4545H         LINE#         1324
  C:454DH         LINE#         1325
  C:454DH         LINE#         1326
  C:4553H         LINE#         1327
  C:4553H         LINE#         1328
  C:4559H         LINE#         1329
  C:455FH         LINE#         1330
  C:4562H         LINE#         1331
  C:4562H         LINE#         1332
  C:456AH         LINE#         1333
  C:456AH         LINE#         1334
  C:4570H         LINE#         1335
  C:4570H         LINE#         1336
  C:4578H         LINE#         1337
  C:4578H         LINE#         1338
  C:457EH         LINE#         1339
  C:457EH         LINE#         1340
  C:4586H         LINE#         1341
BL51 BANKED LINKER/LOCATER V6.22                                                      09/24/2014  23:22:54  PAGE 26


  C:4586H         LINE#         1342
  C:458CH         LINE#         1343
  C:458CH         LINE#         1344
  C:4594H         LINE#         1345
  C:4594H         LINE#         1346
  C:459AH         LINE#         1347
  C:459AH         LINE#         1348
  C:45A2H         LINE#         1349
  C:45A2H         LINE#         1350
  C:45A8H         LINE#         1351
  C:45A8H         LINE#         1352
  C:45B0H         LINE#         1353
  C:45B0H         LINE#         1354
  C:45B6H         LINE#         1355
  C:45B6H         LINE#         1356
  C:45BEH         LINE#         1357
  C:45BEH         LINE#         1358
  C:45C4H         LINE#         1359
  C:45C4H         LINE#         1360
  C:45CCH         LINE#         1361
  C:45CCH         LINE#         1362
  C:45D2H         LINE#         1363
  C:45D2H         LINE#         1364
  C:45DAH         LINE#         1365
  C:45DAH         LINE#         1366
  C:45E0H         LINE#         1367
  C:45E0H         LINE#         1368
  C:45E6H         LINE#         1369
  C:45ECH         LINE#         1370
  C:45EFH         LINE#         1371
  C:45EFH         LINE#         1372
  C:45F7H         LINE#         1373
  C:45F7H         LINE#         1374
  C:45FDH         LINE#         1375
  C:45FDH         LINE#         1376
  C:4605H         LINE#         1377
  C:4605H         LINE#         1378
  C:460BH         LINE#         1379
  C:460BH         LINE#         1380
  C:4613H         LINE#         1381
  C:4613H         LINE#         1382
  C:4619H         LINE#         1383
  C:4619H         LINE#         1384
  C:4621H         LINE#         1385
  C:4621H         LINE#         1386
  C:4627H         LINE#         1387
  C:4627H         LINE#         1388
  C:462FH         LINE#         1389
  C:462FH         LINE#         1390
  C:4635H         LINE#         1391
  C:4635H         LINE#         1392
  C:463DH         LINE#         1393
  C:463DH         LINE#         1394
  C:4643H         LINE#         1395
  C:4643H         LINE#         1396
  C:464BH         LINE#         1397
  C:464BH         LINE#         1398
BL51 BANKED LINKER/LOCATER V6.22                                                      09/24/2014  23:22:54  PAGE 27


  C:4651H         LINE#         1399
  C:4651H         LINE#         1400
  C:4659H         LINE#         1401
  C:4659H         LINE#         1402
  C:465FH         LINE#         1403
  C:465FH         LINE#         1404
  C:4665H         LINE#         1405
  C:466BH         LINE#         1406
  C:466EH         LINE#         1407
  C:466EH         LINE#         1408
  C:4676H         LINE#         1409
  C:4676H         LINE#         1410
  C:467CH         LINE#         1411
  C:467CH         LINE#         1412
  C:4684H         LINE#         1413
  C:4684H         LINE#         1414
  C:468AH         LINE#         1415
  C:468AH         LINE#         1416
  C:4692H         LINE#         1417
  C:4692H         LINE#         1418
  C:4698H         LINE#         1419
  C:4698H         LINE#         1420
  C:46A0H         LINE#         1421
  C:46A0H         LINE#         1422
  C:46A6H         LINE#         1423
  C:46A6H         LINE#         1424
  C:46AEH         LINE#         1425
  C:46AEH         LINE#         1426
  C:46B4H         LINE#         1427
  C:46B4H         LINE#         1428
  C:46BCH         LINE#         1429
  C:46BCH         LINE#         1430
  C:46C2H         LINE#         1431
  C:46C2H         LINE#         1432
  C:46CAH         LINE#         1433
  C:46CAH         LINE#         1434
  C:46D0H         LINE#         1435
  C:46D0H         LINE#         1436
  C:46D6H         LINE#         1437
  C:46DCH         LINE#         1438
  C:46DFH         LINE#         1439
  C:46DFH         LINE#         1440
  C:46E7H         LINE#         1441
  C:46E7H         LINE#         1442
  C:46EDH         LINE#         1443
  C:46EDH         LINE#         1444
  C:46F5H         LINE#         1445
  C:46F5H         LINE#         1446
  C:46FBH         LINE#         1447
  C:46FBH         LINE#         1448
  C:4703H         LINE#         1449
  C:4703H         LINE#         1450
  C:4709H         LINE#         1451
  C:4709H         LINE#         1452
  C:4711H         LINE#         1453
  C:4711H         LINE#         1454
  C:4717H         LINE#         1455
BL51 BANKED LINKER/LOCATER V6.22                                                      09/24/2014  23:22:54  PAGE 28


  C:4717H         LINE#         1456
  C:471FH         LINE#         1457
  C:471FH         LINE#         1458
  C:4725H         LINE#         1459
  C:4725H         LINE#         1460
  C:472DH         LINE#         1461
  C:472DH         LINE#         1462
  C:4733H         LINE#         1463
  C:4733H         LINE#         1464
  C:4739H         LINE#         1465
  C:473FH         LINE#         1466
  C:4742H         LINE#         1467
  C:4742H         LINE#         1468
  C:474AH         LINE#         1469
  C:474AH         LINE#         1470
  C:4750H         LINE#         1471
  C:4750H         LINE#         1472
  C:4758H         LINE#         1473
  C:4758H         LINE#         1474
  C:475EH         LINE#         1475
  C:475EH         LINE#         1476
  C:4766H         LINE#         1477
  C:4766H         LINE#         1478
  C:476CH         LINE#         1479
  C:476CH         LINE#         1480
  C:4774H         LINE#         1481
  C:4774H         LINE#         1482
  C:477AH         LINE#         1483
  C:477AH         LINE#         1484
  C:4782H         LINE#         1485
  C:4782H         LINE#         1486
  C:4788H         LINE#         1487
  C:4788H         LINE#         1488
  C:478EH         LINE#         1489
  C:4794H         LINE#         1490
  C:4797H         LINE#         1491
  C:4797H         LINE#         1492
  C:479FH         LINE#         1493
  C:479FH         LINE#         1494
  C:47A5H         LINE#         1495
  C:47A5H         LINE#         1496
  C:47ADH         LINE#         1497
  C:47ADH         LINE#         1498
  C:47B3H         LINE#         1499
  C:47B3H         LINE#         1500
  C:47BBH         LINE#         1501
  C:47BBH         LINE#         1502
  C:47C1H         LINE#         1503
  C:47C1H         LINE#         1504
  C:47C9H         LINE#         1505
  C:47C9H         LINE#         1506
  C:47CFH         LINE#         1507
  C:47CFH         LINE#         1508
  C:47D5H         LINE#         1509
  C:47DBH         LINE#         1510
  C:47DEH         LINE#         1511
  C:47DEH         LINE#         1512
BL51 BANKED LINKER/LOCATER V6.22                                                      09/24/2014  23:22:54  PAGE 29


  C:47E6H         LINE#         1513
  C:47E6H         LINE#         1514
  C:47ECH         LINE#         1515
  C:47ECH         LINE#         1516
  C:47F4H         LINE#         1517
  C:47F4H         LINE#         1518
  C:47FAH         LINE#         1519
  C:47FAH         LINE#         1520
  C:4802H         LINE#         1521
  C:4802H         LINE#         1522
  C:4808H         LINE#         1523
  C:4808H         LINE#         1524
  C:480EH         LINE#         1525
  C:4814H         LINE#         1526
  C:4817H         LINE#         1527
  C:4817H         LINE#         1528
  C:481FH         LINE#         1529
  C:481FH         LINE#         1530
  C:4825H         LINE#         1531
  C:4825H         LINE#         1532
  C:482DH         LINE#         1533
  C:482DH         LINE#         1534
  C:4833H         LINE#         1535
  C:4833H         LINE#         1536
  C:4839H         LINE#         1537
  C:483FH         LINE#         1538
  C:4842H         LINE#         1539
  C:4842H         LINE#         1540
  C:484AH         LINE#         1541
  C:484AH         LINE#         1542
  C:4850H         LINE#         1543
  C:4850H         LINE#         1544
  C:4856H         LINE#         1545
  C:485CH         LINE#         1546
  C:485FH         LINE#         1547
  C:485FH         LINE#         1548
  C:4865H         LINE#         1549
  C:486BH         LINE#         1550
  C:486EH         LINE#         1551
  C:486EH         LINE#         1552
  C:4871H         LINE#         1553
  C:4871H         LINE#         1554
  C:497FH         LINE#         1555
  C:497FH         LINE#         1556
  C:497FH         LINE#         1557
  C:4985H         LINE#         1558
  C:498BH         LINE#         1559
  C:498EH         LINE#         1560
  C:498EH         LINE#         1561
  C:4994H         LINE#         1562
  C:499AH         LINE#         1563
  C:49A0H         LINE#         1564
  C:49A6H         LINE#         1565
  C:49ACH         LINE#         1566
  C:49AFH         LINE#         1567
  C:49AFH         LINE#         1568
  C:49B5H         LINE#         1569
BL51 BANKED LINKER/LOCATER V6.22                                                      09/24/2014  23:22:54  PAGE 30


  C:49BBH         LINE#         1570
  C:49C1H         LINE#         1571
  C:49C7H         LINE#         1572
  C:49CAH         LINE#         1573
  C:49CAH         LINE#         1574
  C:49D0H         LINE#         1575
  C:49D6H         LINE#         1576
  C:49DCH         LINE#         1577
  C:49E2H         LINE#         1578
  C:49E8H         LINE#         1579
  C:49EBH         LINE#         1580
  C:49EBH         LINE#         1581
  C:49F1H         LINE#         1582
  C:49F7H         LINE#         1583
  C:49FDH         LINE#         1584
  C:4A03H         LINE#         1585
  C:4A09H         LINE#         1586
  C:4A0CH         LINE#         1587
  C:4A0CH         LINE#         1588
  C:4A12H         LINE#         1589
  C:4A18H         LINE#         1590
  C:4A1EH         LINE#         1591
  C:4A21H         LINE#         1592
  C:4A21H         LINE#         1593
  C:4A27H         LINE#         1594
  C:4A2DH         LINE#         1595
  C:4A33H         LINE#         1596
  C:4A39H         LINE#         1597
  C:4A3FH         LINE#         1598
  C:4A42H         LINE#         1599
  C:4A42H         LINE#         1600
  C:4A48H         LINE#         1601
  C:4A4EH         LINE#         1602
  C:4A54H         LINE#         1603
  C:4A5AH         LINE#         1604
  C:4A5DH         LINE#         1605
  C:4A5DH         LINE#         1606
  C:4A63H         LINE#         1607
  C:4A69H         LINE#         1608
  C:4A6FH         LINE#         1609
  C:4A75H         LINE#         1610
  C:4A7BH         LINE#         1611
  C:4A7EH         LINE#         1612
  C:4A7EH         LINE#         1613
  C:4A84H         LINE#         1614
  C:4A8AH         LINE#         1615
  C:4A90H         LINE#         1616
  C:4A93H         LINE#         1617
  C:4A93H         LINE#         1618
  C:4A99H         LINE#         1619
  C:4A9FH         LINE#         1620
  C:4AA5H         LINE#         1621
  C:4AABH         LINE#         1622
  C:4AB1H         LINE#         1623
  C:4AB4H         LINE#         1624
  C:4AB4H         LINE#         1625
  C:4ABAH         LINE#         1626
BL51 BANKED LINKER/LOCATER V6.22                                                      09/24/2014  23:22:54  PAGE 31


  C:4AC0H         LINE#         1627
  C:4AC6H         LINE#         1628
  C:4ACCH         LINE#         1629
  C:4AD2H         LINE#         1630
  C:4AD5H         LINE#         1631
  C:4AD5H         LINE#         1632
  C:4ADDH         LINE#         1633
  C:4AE3H         LINE#         1634
  C:4AEBH         LINE#         1635
  C:4AF1H         LINE#         1636
  C:4AF9H         LINE#         1637
  C:4AFFH         LINE#         1638
  C:4B07H         LINE#         1639
  C:4B0DH         LINE#         1640
  C:4B15H         LINE#         1641
  C:4B1BH         LINE#         1642
  C:4B21H         LINE#         1643
  C:4B24H         LINE#         1644
  C:4B24H         LINE#         1645
  C:4B2AH         LINE#         1646
  C:4B30H         LINE#         1647
  C:4B33H         LINE#         1648
  C:4B33H         LINE#         1649
  C:4B39H         LINE#         1650
  C:4B3FH         LINE#         1651
  C:4B42H         LINE#         1652
  C:4B42H         LINE#         1653
  C:4B48H         LINE#         1654
  C:4B4EH         LINE#         1655
  C:4B51H         LINE#         1656
  C:4B51H         LINE#         1657
  C:4B5CH         LINE#         1658
  C:4B5CH         LINE#         1659
  C:4B64H         LINE#         1660
  C:4B6AH         LINE#         1661
  C:4B72H         LINE#         1662
  C:4B78H         LINE#         1663
  C:4B80H         LINE#         1664
  C:4B86H         LINE#         1665
  C:4B8EH         LINE#         1666
  C:4B94H         LINE#         1667
  C:4B9CH         LINE#         1668
  C:4BA2H         LINE#         1669
  C:4BA8H         LINE#         1670
  C:4BABH         LINE#         1672
  C:4BABH         LINE#         1673
  C:4BB1H         LINE#         1674
  C:4BB7H         LINE#         1675
  C:4BB7H         LINE#         1676
  C:4BBAH         LINE#         1677
  C:4BBAH         LINE#         1678
  C:4BC5H         LINE#         1679
  C:4BC5H         LINE#         1680
  C:4BCBH         LINE#         1681
  C:4BD1H         LINE#         1682
  C:4BD4H         LINE#         1684
  C:4BD4H         LINE#         1685
BL51 BANKED LINKER/LOCATER V6.22                                                      09/24/2014  23:22:54  PAGE 32


  C:4BDAH         LINE#         1686
  C:4BE0H         LINE#         1687
  C:4BE0H         LINE#         1688
  C:4BE3H         LINE#         1689
  C:4BE3H         LINE#         1690
  C:4BE9H         LINE#         1691
  C:4BEFH         LINE#         1692
  C:4BF2H         LINE#         1693
  C:4BF2H         LINE#         1694
  C:4BFDH         LINE#         1695
  C:4BFDH         LINE#         1696
  C:4C05H         LINE#         1697
  C:4C0BH         LINE#         1698
  C:4C13H         LINE#         1699
  C:4C19H         LINE#         1700
  C:4C21H         LINE#         1701
  C:4C27H         LINE#         1702
  C:4C2FH         LINE#         1703
  C:4C35H         LINE#         1704
  C:4C3DH         LINE#         1705
  C:4C43H         LINE#         1706
  C:4C49H         LINE#         1707
  C:4C4CH         LINE#         1709
  C:4C4CH         LINE#         1710
  C:4C52H         LINE#         1711
  C:4C58H         LINE#         1712
  C:4C58H         LINE#         1713
  C:4C5BH         LINE#         1714
  C:4C5BH         LINE#         1715
  C:4C66H         LINE#         1716
  C:4C66H         LINE#         1717
  C:4C6CH         LINE#         1718
  C:4C72H         LINE#         1719
  C:4C75H         LINE#         1721
  C:4C75H         LINE#         1722
  C:4C7BH         LINE#         1723
  C:4C81H         LINE#         1724
  C:4C81H         LINE#         1725
  C:4C84H         LINE#         1726
  C:4C84H         LINE#         1727
  C:4C93H         LINE#         1728
  C:4C93H         LINE#         1729
  C:4CA4H         LINE#         1730
  C:4CA4H         LINE#         1731
  C:4CACH         LINE#         1732
  C:4CB2H         LINE#         1733
  C:4CBAH         LINE#         1734
  C:4CC0H         LINE#         1735
  C:4CC8H         LINE#         1736
  C:4CCEH         LINE#         1737
  C:4CD6H         LINE#         1738
  C:4CDCH         LINE#         1739
  C:4CE4H         LINE#         1740
  C:4CEAH         LINE#         1741
  C:4CF0H         LINE#         1742
  C:4CF2H         LINE#         1744
  C:4CF2H         LINE#         1745
BL51 BANKED LINKER/LOCATER V6.22                                                      09/24/2014  23:22:54  PAGE 33


  C:4CF8H         LINE#         1746
  C:4CFEH         LINE#         1747
  C:4CFEH         LINE#         1748
  C:4D00H         LINE#         1750
  C:4D00H         LINE#         1751
  C:4D06H         LINE#         1752
  C:4D0CH         LINE#         1753
  C:4D0CH         LINE#         1754
  C:4D12H         LINE#         1755
  C:4D15H         LINE#         1756
  C:4D15H         LINE#         1757
  C:4D20H         LINE#         1758
  C:4D20H         LINE#         1759
  C:4D26H         LINE#         1760
  C:4D2CH         LINE#         1761
  C:4D2FH         LINE#         1763
  C:4D2FH         LINE#         1764
  C:4D35H         LINE#         1765
  C:4D3BH         LINE#         1766
  C:4D3BH         LINE#         1767
  C:4D3EH         LINE#         1768
  C:4D3EH         LINE#         1769
  C:4D49H         LINE#         1770
  C:4D49H         LINE#         1771
  C:4D4FH         LINE#         1772
  C:4D55H         LINE#         1773
  C:4D58H         LINE#         1775
  C:4D58H         LINE#         1776
  C:4D5EH         LINE#         1777
  C:4D64H         LINE#         1778
  C:4D64H         LINE#         1779
  C:4D67H         LINE#         1780
  C:4D67H         LINE#         1781
  C:4D72H         LINE#         1782
  C:4D72H         LINE#         1783
  C:4D78H         LINE#         1784
  C:4D7EH         LINE#         1785
  C:4D81H         LINE#         1787
  C:4D81H         LINE#         1788
  C:4D87H         LINE#         1789
  C:4D8DH         LINE#         1790
  C:4D8DH         LINE#         1791
  C:4D90H         LINE#         1792
  C:4D90H         LINE#         1793
  C:4D96H         LINE#         1794
  C:4D9CH         LINE#         1795
  C:4D9FH         LINE#         1796
  C:4D9FH         LINE#         1797
  C:4DA5H         LINE#         1798
  C:4DABH         LINE#         1799
  C:4DAEH         LINE#         1800
  C:4DAEH         LINE#         1801
  C:4DB4H         LINE#         1802
  C:4DBAH         LINE#         1803
  C:4DC0H         LINE#         1804
  C:4DC6H         LINE#         1805
  C:4DC9H         LINE#         1806
BL51 BANKED LINKER/LOCATER V6.22                                                      09/24/2014  23:22:54  PAGE 34


  C:4DC9H         LINE#         1807
  C:4DCFH         LINE#         1808
  C:4DD5H         LINE#         1809
  C:4DDBH         LINE#         1810
  C:4DE1H         LINE#         1811
  C:4DE7H         LINE#         1812
  C:4DEAH         LINE#         1813
  C:4DEAH         LINE#         1814
  C:4DF0H         LINE#         1815
  C:4DF6H         LINE#         1816
  C:4DFCH         LINE#         1817
  C:4E02H         LINE#         1818
  C:4E05H         LINE#         1819
  C:4E05H         LINE#         1820
  C:4E0BH         LINE#         1821
  C:4E11H         LINE#         1822
  C:4E17H         LINE#         1823
  C:4E1DH         LINE#         1824
  C:4E23H         LINE#         1825
  C:4E26H         LINE#         1826
  C:4E26H         LINE#         1827
  C:4E2CH         LINE#         1828
  C:4E32H         LINE#         1829
  C:4E38H         LINE#         1830
  C:4E3EH         LINE#         1831
  C:4E44H         LINE#         1832
  C:4E47H         LINE#         1833
  C:4E47H         LINE#         1834
  C:4E4DH         LINE#         1835
  C:4E53H         LINE#         1836
  C:4E59H         LINE#         1837
  C:4E5FH         LINE#         1838
  C:4E62H         LINE#         1839
  C:4E62H         LINE#         1840
  C:4E68H         LINE#         1841
  C:4E6EH         LINE#         1842
  C:4E74H         LINE#         1843
  C:4E7AH         LINE#         1844
  C:4E7DH         LINE#         1845
  C:4E7DH         LINE#         1846
  C:4E83H         LINE#         1847
  C:4E89H         LINE#         1848
  C:4E8FH         LINE#         1849
  C:4E95H         LINE#         1850
  C:4E98H         LINE#         1851
  C:4E98H         LINE#         1852
  C:4E9EH         LINE#         1853
  C:4EA4H         LINE#         1854
  C:4EAAH         LINE#         1855
  C:4EB0H         LINE#         1856
  C:4EB6H         LINE#         1857
  C:4EB9H         LINE#         1858
  C:4EB9H         LINE#         1859
  C:4EBFH         LINE#         1860
  C:4EC5H         LINE#         1861
  C:4EC8H         LINE#         1862
  C:4EC8H         LINE#         1863
BL51 BANKED LINKER/LOCATER V6.22                                                      09/24/2014  23:22:54  PAGE 35


  C:4ECEH         LINE#         1864
  C:4ED4H         LINE#         1865
  C:4EDAH         LINE#         1866
  C:4EE0H         LINE#         1867
  C:4EE6H         LINE#         1868
  C:4EE9H         LINE#         1869
  C:4EE9H         LINE#         1870
  C:4EEFH         LINE#         1871
  C:4EF5H         LINE#         1872
  C:4EFBH         LINE#         1873
  C:4F01H         LINE#         1874
  C:4F07H         LINE#         1875
  C:4F0AH         LINE#         1876
  C:4F0AH         LINE#         1877
  C:4F10H         LINE#         1878
  C:4F16H         LINE#         1879
  C:4F19H         LINE#         1880
  C:4F19H         LINE#         1881
  C:4F1FH         LINE#         1882
  C:4F25H         LINE#         1883
  C:4F2BH         LINE#         1884
  C:4F31H         LINE#         1885
  C:4F37H         LINE#         1886
  C:4F3AH         LINE#         1887
  C:4F3AH         LINE#         1888
  C:4F40H         LINE#         1889
  C:4F46H         LINE#         1890
  C:4F4CH         LINE#         1891
  C:4F52H         LINE#         1892
  C:4F58H         LINE#         1893
  C:4F5BH         LINE#         1894
  C:4F5BH         LINE#         1895
  C:4F61H         LINE#         1896
  C:4F67H         LINE#         1897
  C:4F6DH         LINE#         1898
  C:4F73H         LINE#         1899
  C:4F79H         LINE#         1900
  C:4F7CH         LINE#         1901
  C:4F7CH         LINE#         1902
  C:4F82H         LINE#         1903
  C:4F88H         LINE#         1904
  C:4F8EH         LINE#         1905
  C:4F94H         LINE#         1906
  C:4F97H         LINE#         1907
  C:4F97H         LINE#         1908
  C:4F9DH         LINE#         1909
  C:4FA3H         LINE#         1910
  C:4FA9H         LINE#         1911
  C:4FAFH         LINE#         1912
  C:4FB5H         LINE#         1913
  C:4FB8H         LINE#         1914
  C:4FB8H         LINE#         1915
  C:4FBEH         LINE#         1916
  C:4FC4H         LINE#         1917
  C:4FCAH         LINE#         1918
  C:4FD0H         LINE#         1919
  C:4FD6H         LINE#         1920
BL51 BANKED LINKER/LOCATER V6.22                                                      09/24/2014  23:22:54  PAGE 36


  C:4FD9H         LINE#         1921
  C:4FD9H         LINE#         1922
  C:4FDFH         LINE#         1923
  C:4FE5H         LINE#         1924
  C:4FEBH         LINE#         1925
  C:4FF1H         LINE#         1926
  C:4FF4H         LINE#         1927
  C:4FF4H         LINE#         1928
  C:4FFAH         LINE#         1929
  C:5000H         LINE#         1930
  C:5006H         LINE#         1931
  C:500CH         LINE#         1932
  C:5012H         LINE#         1933
  C:5015H         LINE#         1934
  C:5015H         LINE#         1935
  C:501BH         LINE#         1936
  C:5021H         LINE#         1937
  C:5024H         LINE#         1938
  C:5024H         LINE#         1939
  C:502AH         LINE#         1940
  C:5030H         LINE#         1941
  C:5036H         LINE#         1942
  C:503CH         LINE#         1943
  C:5042H         LINE#         1944
  C:5045H         LINE#         1945
  C:5045H         LINE#         1946
  C:504BH         LINE#         1947
  C:5051H         LINE#         1948
  C:5057H         LINE#         1949
  C:505DH         LINE#         1950
  C:5063H         LINE#         1951
  C:5066H         LINE#         1952
  C:5066H         LINE#         1953
  C:506CH         LINE#         1954
  C:5072H         LINE#         1955
  C:5075H         LINE#         1956
  C:5075H         LINE#         1957
  C:507BH         LINE#         1958
  C:5081H         LINE#         1959
  C:5087H         LINE#         1960
  C:508DH         LINE#         1961
  C:5093H         LINE#         1962
  C:5096H         LINE#         1963
  C:5096H         LINE#         1964
  C:509CH         LINE#         1965
  C:50A2H         LINE#         1966
  C:50A8H         LINE#         1967
  C:50AEH         LINE#         1968
  C:50B4H         LINE#         1969
  C:50B7H         LINE#         1970
  C:50B7H         LINE#         1971
  C:50BDH         LINE#         1972
  C:50C3H         LINE#         1973
  C:50C9H         LINE#         1974
  C:50CFH         LINE#         1975
  C:50D5H         LINE#         1976
  C:50D8H         LINE#         1977
BL51 BANKED LINKER/LOCATER V6.22                                                      09/24/2014  23:22:54  PAGE 37


  C:50D8H         LINE#         1978
  C:50DEH         LINE#         1979
  C:50E4H         LINE#         1980
  C:50EAH         LINE#         1981
  C:50F0H         LINE#         1982
  C:50F3H         LINE#         1983
  C:50F3H         LINE#         1984
  C:50F9H         LINE#         1985
  C:50FFH         LINE#         1986
  C:5105H         LINE#         1987
  C:510BH         LINE#         1988
  C:5111H         LINE#         1989
  C:5114H         LINE#         1990
  C:5114H         LINE#         1991
  C:511AH         LINE#         1992
  C:5120H         LINE#         1993
[...]
  C:29ECH         LINE#         5354
  C:29ECH         LINE#         5355
  C:29FFH         LINE#         5356
  C:29FFH         LINE#         5357
  C:29FFH         LINE#         5358
  C:2A01H         LINE#         5359
  C:2A01H         LINE#         5360
  C:2A03H         LINE#         5361
  C:2A09H         LINE#         5362
  C:2A0BH         LINE#         5363
  C:2A0BH         LINE#         5364
  C:2A32H         LINE#         5365
  C:2A34H         LINE#         5366
  C:2A3AH         LINE#         5367
  C:2A3AH         LINE#         5368
  C:2A3AH         LINE#         5369
  C:2A4DH         LINE#         5370
  C:2A4DH         LINE#         5371
  C:2A4DH         LINE#         5372
  C:2A4FH         LINE#         5373
  C:2A4FH         LINE#         5374
  C:2A5CH         LINE#         5375
  C:2A62H         LINE#         5376
  C:2A64H         LINE#         5377
  C:2A64H         LINE#         5378
  C:2A6AH         LINE#         5379
  C:2A6AH         LINE#         5380
  C:2A6AH         LINE#         5381
  C:2A7DH         LINE#         5382
  C:2A7DH         LINE#         5383
  C:2A7DH         LINE#         5384
  C:2A7FH         LINE#         5385
  C:2A7FH         LINE#         5386
  C:2A81H         LINE#         5387
  C:2A87H         LINE#         5388
  C:2A89H         LINE#         5389
  C:2A89H         LINE#         5390
  C:2AA7H         LINE#         5391
  C:2AA9H         LINE#         5392
  C:2AAFH         LINE#         5393
  C:2AAFH         LINE#         5394
  C:2AAFH         LINE#         5395
  C:2AC2H         LINE#         5396
  C:2AC2H         LINE#         5397
  C:2AC2H         LINE#         5398
  C:2AC4H         LINE#         5399
  C:2AC4H         LINE#         5400
  C:2AC6H         LINE#         5401
  C:2ACCH         LINE#         5402
  C:2ACEH         LINE#         5403
  C:2ACEH         LINE#         5404
  C:2AECH         LINE#         5405
  C:2AEEH         LINE#         5406
  C:2AF4H         LINE#         5407
  C:2AF4H         LINE#         5408
BL51 BANKED LINKER/LOCATER V6.22                                                      09/24/2014  23:22:54  PAGE 93


  C:2AF4H         LINE#         5409
  C:2B07H         LINE#         5410
  C:2B07H         LINE#         5411
  C:2B07H         LINE#         5412
  C:2B09H         LINE#         5413
  C:2B09H         LINE#         5414
  C:2B0BH         LINE#         5415
  C:2B11H         LINE#         5416
  C:2B13H         LINE#         5417
  C:2B13H         LINE#         5418
  C:2B31H         LINE#         5419
  C:2B33H         LINE#         5420
  C:2B39H         LINE#         5421
  C:2B39H         LINE#         5422
  C:2B39H         LINE#         5423
  C:2B4CH         LINE#         5424
  C:2B4CH         LINE#         5425
  C:2B4CH         LINE#         5426
  C:2B4EH         LINE#         5427
  C:2B4EH         LINE#         5428
  C:2B50H         LINE#         5429
  C:2B56H         LINE#         5430
  C:2B58H         LINE#         5431
  C:2B58H         LINE#         5432
  C:2B76H         LINE#         5433
  C:2B78H         LINE#         5434
  C:2B7EH         LINE#         5435
  C:2B7EH         LINE#         5436
  C:2B7EH         LINE#         5437
  C:2B91H         LINE#         5438
  C:2B91H         LINE#         5439
  C:2B91H         LINE#         5440
  C:2B93H         LINE#         5441
  C:2B93H         LINE#         5442
  C:2B95H         LINE#         5443
  C:2B9BH         LINE#         5444
  C:2B9DH         LINE#         5445
  C:2B9DH         LINE#         5446
  C:2BABH         LINE#         5447
  C:2BADH         LINE#         5448
  C:2BB3H         LINE#         5449
  C:2BB3H         LINE#         5450
  C:2BB3H         LINE#         5451
  C:2BC6H         LINE#         5452
  C:2BC6H         LINE#         5453
  C:2BC6H         LINE#         5454
  C:2BC8H         LINE#         5455
  C:2BC8H         LINE#         5457
  C:2BCAH         LINE#         5458
  C:2BD0H         LINE#         5459
  C:2BD2H         LINE#         5460
  C:2BD2H         LINE#         5461
  C:2BE0H         LINE#         5462
  C:2BE2H         LINE#         5463
  C:2BE8H         LINE#         5464
  C:2BE8H         LINE#         5465
  C:2BE8H         LINE#         5466
BL51 BANKED LINKER/LOCATER V6.22                                                      09/24/2014  23:22:54  PAGE 94


  C:2BFBH         LINE#         5467
  C:2BFBH         LINE#         5468
  C:2BFBH         LINE#         5469
  C:2BFDH         LINE#         5470
  C:2BFDH         LINE#         5472
  C:2BFFH         LINE#         5473
  C:2C05H         LINE#         5474
  C:2C07H         LINE#         5475
  C:2C07H         LINE#         5476
  C:2C15H         LINE#         5477
  C:2C17H         LINE#         5478
  C:2C1DH         LINE#         5479
  C:2C1DH         LINE#         5480
  C:2C1DH         LINE#         5481
  C:2C30H         LINE#         5482
  C:2C30H         LINE#         5483
  C:2C30H         LINE#         5484
  C:2C32H         LINE#         5485
  C:2C32H         LINE#         5487
  C:2C34H         LINE#         5488
  C:2C3AH         LINE#         5489
  C:2C3CH         LINE#         5490
  C:2C3CH         LINE#         5491
  C:2C4DH         LINE#         5492
  C:2C4FH         LINE#         5493
  C:2C55H         LINE#         5494
  C:2C55H         LINE#         5495
  C:2C55H         LINE#         5496
  C:2C68H         LINE#         5497
  C:2C68H         LINE#         5498
  C:2C68H         LINE#         5499
  C:2C6AH         LINE#         5500
  C:2C6AH         LINE#         5502
  C:2C6CH         LINE#         5503
  C:2C72H         LINE#         5504
  C:2C74H         LINE#         5505
  C:2C74H         LINE#         5506
  C:2C85H         LINE#         5507
  C:2C87H         LINE#         5508
  C:2C8DH         LINE#         5509
  C:2C8DH         LINE#         5510
  C:2C8DH         LINE#         5511
  C:2CA0H         LINE#         5512
  C:2CA0H         LINE#         5513
  C:2CA0H         LINE#         5514
  C:2CA2H         LINE#         5515
  C:2CA2H         LINE#         5517
  C:2CA4H         LINE#         5518
  C:2CAAH         LINE#         5519
  C:2CACH         LINE#         5520
  C:2CACH         LINE#         5521
  C:2CBAH         LINE#         5522
  C:2CBCH         LINE#         5523
  C:2CC2H         LINE#         5524
  C:2CC2H         LINE#         5525
  C:2CC2H         LINE#         5526
  C:2CD5H         LINE#         5527
BL51 BANKED LINKER/LOCATER V6.22                                                      09/24/2014  23:22:54  PAGE 95


  C:2CD5H         LINE#         5528
  C:2CD5H         LINE#         5529
  C:2CD7H         LINE#         5530
  C:2CD7H         LINE#         5532
  C:2CD9H         LINE#         5533
  C:2CDFH         LINE#         5534
  C:2CE1H         LINE#         5535
  C:2CE1H         LINE#         5536
  C:2CEFH         LINE#         5537
  C:2CF1H         LINE#         5538
  C:2CF7H         LINE#         5539
  C:2CF7H         LINE#         5540
  C:2CF7H         LINE#         5541
  C:2D0AH         LINE#         5542
  C:2D0AH         LINE#         5543
  C:2D0AH         LINE#         5544
  C:2D0CH         LINE#         5545
  C:2D0CH         LINE#         5546
  C:2D0EH         LINE#         5547
  C:2D14H         LINE#         5548
  C:2D16H         LINE#         5549
  C:2D16H         LINE#         5550
  C:2D24H         LINE#         5551
  C:2D26H         LINE#         5552
  C:2D2CH         LINE#         5553
  C:2D2CH         LINE#         5554
  C:2D2CH         LINE#         5555
  C:2D3FH         LINE#         5556
  C:2D3FH         LINE#         5557
  C:2D3FH         LINE#         5558
  C:2D41H         LINE#         5559
  C:2D41H         LINE#         5560
  C:2D43H         LINE#         5561
  C:2D49H         LINE#         5562
  C:2D4BH         LINE#         5563
  C:2D4BH         LINE#         5564
  C:2D59H         LINE#         5565
  C:2D5BH         LINE#         5566
  C:2D61H         LINE#         5567
  C:2D61H         LINE#         5568
  C:2D61H         LINE#         5569
  C:2D74H         LINE#         5570
  C:2D74H         LINE#         5571
  C:2D74H         LINE#         5572
  C:2D76H         LINE#         5573
  C:2D76H         LINE#         5574
  C:2D78H         LINE#         5575
  C:2D7EH         LINE#         5576
  C:2D80H         LINE#         5577
  C:2D80H         LINE#         5578
  C:2D8EH         LINE#         5579
  C:2D90H         LINE#         5580
  C:2D96H         LINE#         5581
  C:2D96H         LINE#         5582
  C:2D96H         LINE#         5583
  C:2DA9H         LINE#         5584
  C:2DA9H         LINE#         5585
BL51 BANKED LINKER/LOCATER V6.22                                                      09/24/2014  23:22:54  PAGE 96


  C:2DA9H         LINE#         5586
  C:2DABH         LINE#         5587
  C:2DABH         LINE#         5588
  C:2DADH         LINE#         5589
  C:2DB3H         LINE#         5590
  C:2DB5H         LINE#         5591
  C:2DB5H         LINE#         5592
  C:2DC3H         LINE#         5593
  C:2DC5H         LINE#         5594
  C:2DCBH         LINE#         5595
  C:2DCBH         LINE#         5596
  C:2DCBH         LINE#         5597
  C:2DDEH         LINE#         5598
  C:2DDEH         LINE#         5599
  C:2DDEH         LINE#         5600
  C:2DE0H         LINE#         5601
  C:2DE0H         LINE#         5602
  C:2DE2H         LINE#         5603
  C:2DE8H         LINE#         5604
  C:2DEAH         LINE#         5605
  C:2DEAH         LINE#         5606
  C:2DF8H         LINE#         5607
  C:2DFAH         LINE#         5608
  C:2E00H         LINE#         5609
  C:2E00H         LINE#         5610
  C:2E00H         LINE#         5611
  C:2E13H         LINE#         5612
  C:2E13H         LINE#         5613
  C:2E13H         LINE#         5614
  C:2E15H         LINE#         5615
  C:2E15H         LINE#         5616
  C:2E17H         LINE#         5617
  C:2E1DH         LINE#         5618
  C:2E1FH         LINE#         5619
  C:2E1FH         LINE#         5620
  C:2E2DH         LINE#         5621
  C:2E2FH         LINE#         5622
  C:2E35H         LINE#         5623
  C:2E35H         LINE#         5624
  C:2E35H         LINE#         5625
  C:2E48H         LINE#         5626
  C:2E48H         LINE#         5627
  C:2E48H         LINE#         5628
  C:2E4AH         LINE#         5629
  C:2E4AH         LINE#         5630
  C:2E4CH         LINE#         5631
  C:2E52H         LINE#         5632
  C:2E54H         LINE#         5633
  C:2E54H         LINE#         5634
  C:2E62H         LINE#         5635
  C:2E64H         LINE#         5636
  C:2E6AH         LINE#         5637
  C:2E6AH         LINE#         5638
  C:2E6AH         LINE#         5639
  C:2E7DH         LINE#         5640
  C:2E7DH         LINE#         5641
  C:2E7DH         LINE#         5642
BL51 BANKED LINKER/LOCATER V6.22                                                      09/24/2014  23:22:54  PAGE 97


  C:2E7FH         LINE#         5643
  C:2E7FH         LINE#         5644
  C:2E81H         LINE#         5645
  C:2E87H         LINE#         5646
  C:2E89H         LINE#         5647
  C:2E89H         LINE#         5648
  C:2E97H         LINE#         5649
  C:2E99H         LINE#         5650
  C:2E9FH         LINE#         5651
  C:2E9FH         LINE#         5652
  C:2E9FH         LINE#         5653
  C:2EB2H         LINE#         5654
  C:2EB2H         LINE#         5655
  C:2EB2H         LINE#         5656
  C:2EB4H         LINE#         5657
  C:2EB4H         LINE#         5658
  C:2EB6H         LINE#         5659
  C:2EBCH         LINE#         5660
  C:2EBEH         LINE#         5661
  C:2EBEH         LINE#         5662
  C:2ECCH         LINE#         5663
  C:2ECEH         LINE#         5664
  C:2ED4H         LINE#         5665
  C:2ED4H         LINE#         5666
  C:2ED4H         LINE#         5667
  C:2EE7H         LINE#         5668
  C:2EE7H         LINE#         5669
  C:2EE7H         LINE#         5670
  C:2EE9H         LINE#         5671
  C:2EE9H         LINE#         5672
  C:2EEBH         LINE#         5673
  C:2EF1H         LINE#         5674
  C:2EF3H         LINE#         5675
  C:2EF3H         LINE#         5676
  C:2F01H         LINE#         5677
  C:2F03H         LINE#         5678
  C:2F09H         LINE#         5679
  C:2F09H         LINE#         5680
  C:2F09H         LINE#         5682
  C:2F1CH         LINE#         5683
  C:2F1CH         LINE#         5684
  C:2F1CH         LINE#         5685
  C:2F1EH         LINE#         5686
  C:2F1EH         LINE#         5687
  C:2F20H         LINE#         5688
  C:2F26H         LINE#         5689
  C:2F28H         LINE#         5690
  C:2F28H         LINE#         5691
  C:2F36H         LINE#         5692
  C:2F38H         LINE#         5693
  C:2F3EH         LINE#         5694
  C:2F3EH         LINE#         5695
  C:2F3EH         LINE#         5696
  C:2F51H         LINE#         5697
  C:2F51H         LINE#         5698
  C:2F51H         LINE#         5699
  C:2F53H         LINE#         5700
BL51 BANKED LINKER/LOCATER V6.22                                                      09/24/2014  23:22:54  PAGE 98


  C:2F53H         LINE#         5701
  C:2F55H         LINE#         5702
  C:2F5BH         LINE#         5703
  C:2F5DH         LINE#         5704
  C:2F5DH         LINE#         5705
  C:2F6BH         LINE#         5706
  C:2F6DH         LINE#         5707
  C:2F73H         LINE#         5708
  C:2F73H         LINE#         5709
  C:2F73H         LINE#         5710
  C:2F86H         LINE#         5711
  C:2F86H         LINE#         5712
  C:2F86H         LINE#         5713
  C:2F88H         LINE#         5714
  C:2F88H         LINE#         5715
  C:2F8AH         LINE#         5716
  C:2F90H         LINE#         5717
  C:2F92H         LINE#         5718
  C:2F92H         LINE#         5719
  C:2FA0H         LINE#         5720
  C:2FA2H         LINE#         5721
  C:2FA8H         LINE#         5722
  C:2FA8H         LINE#         5723
  C:2FA8H         LINE#         5724
  C:2FBBH         LINE#         5725
  C:2FBBH         LINE#         5726
  C:2FBBH         LINE#         5727
  C:2FBDH         LINE#         5728
  C:2FBDH         LINE#         5729
  C:2FBFH         LINE#         5730
  C:2FC5H         LINE#         5731
  C:2FC7H         LINE#         5732
  C:2FC7H         LINE#         5733
  C:2FD5H         LINE#         5734
  C:2FD7H         LINE#         5735
  C:2FDDH         LINE#         5736
  C:2FDDH         LINE#         5737
  C:2FDDH         LINE#         5738
  C:2FF0H         LINE#         5739
  C:2FF0H         LINE#         5740
  C:2FF0H         LINE#         5741
  C:2FF2H         LINE#         5742
  C:2FF2H         LINE#         5743
  C:2FF4H         LINE#         5744
  C:2FFAH         LINE#         5745
  C:2FFCH         LINE#         5746
  C:2FFCH         LINE#         5747
  C:300AH         LINE#         5748
  C:300CH         LINE#         5749
  C:3012H         LINE#         5750
  C:3012H         LINE#         5751
  C:3012H         LINE#         5752
  C:3025H         LINE#         5753
  C:3025H         LINE#         5754
  C:3025H         LINE#         5755
  C:3027H         LINE#         5756
  C:3027H         LINE#         5757
BL51 BANKED LINKER/LOCATER V6.22                                                      09/24/2014  23:22:54  PAGE 99


  C:3029H         LINE#         5758
  C:302FH         LINE#         5759
  C:3031H         LINE#         5760
  C:3031H         LINE#         5761
  C:303AH         LINE#         5762
  C:303EH         LINE#         5763
  C:3049H         LINE#         5764
  C:3049H         LINE#         5766
  C:304CH         LINE#         5767
  C:304EH         LINE#         5769
  C:304EH         LINE#         5770
  C:3054H         LINE#         5771
  C:3054H         LINE#         5772
  C:3054H         LINE#         5773
  C:3067H         LINE#         5774
  C:3067H         LINE#         5775
  C:3067H         LINE#         5776
  C:3069H         LINE#         5777
  C:3069H         LINE#         5778
  C:306BH         LINE#         5779
  C:3071H         LINE#         5780
  C:3073H         LINE#         5781
  C:3073H         LINE#         5782
  C:3081H         LINE#         5783
  C:3083H         LINE#         5784
  C:3089H         LINE#         5785
  C:3089H         LINE#         5786
  C:3089H         LINE#         5804
  C:3089H         LINE#         5805
  C:3089H         LINE#         5807
  -------         ENDPROC       T2_INT
  -------         PROC          SCON_INT
  C:5708H         LINE#         5810
  C:5725H         LINE#         5812
  C:5728H         LINE#         5813
  C:5728H         LINE#         5814
  C:572AH         LINE#         5815
  C:5731H         LINE#         5816
  C:5731H         LINE#         5818
  C:5755H         LINE#         5821
  C:576FH         LINE#         5823
  C:5780H         LINE#         5824
  C:5788H         LINE#         5828
  C:5788H         LINE#         5829
  C:5788H         LINE#         5832
  -------         ENDPROC       SCON_INT
  -------         PROC          _UART_INIT
  X:03C7H         SYMBOL        bps
  C:595FH         LINE#         5839
  C:5967H         LINE#         5840
  C:5967H         LINE#         5841
  C:596AH         LINE#         5842
  C:596DH         LINE#         5843
  C:5970H         LINE#         5844
  C:5973H         LINE#         5845
  C:5976H         LINE#         5846
  C:5979H         LINE#         5847
BL51 BANKED LINKER/LOCATER V6.22                                                      09/24/2014  23:22:54  PAGE 100


  C:597BH         LINE#         5848
  C:597DH         LINE#         5849
  C:5980H         LINE#         5850
  C:5983H         LINE#         5851
  C:5986H         LINE#         5855
  C:5989H         LINE#         5857
  C:598BH         LINE#         5858
  -------         ENDPROC       _UART_INIT
  -------         PROC          PCA_INTERRUPT
  C:002EH         LINE#         5864
  C:002EH         LINE#         5866
  C:0034H         LINE#         5874
  -------         ENDPROC       PCA_INTERRUPT
  -------         PROC          GO_CRAZY
  -------         DO            
  X:03C9H         SYMBOL        ll
  -------         ENDDO         
  C:57A3H         LINE#         6774
  C:57A3H         LINE#         6775
  C:57A3H         LINE#         6778
  C:57A5H         LINE#         6779
  C:57AAH         LINE#         6780
  C:57ACH         LINE#         6781
  C:57BEH         LINE#         6782
  C:57D9H         LINE#         6783
  C:57D9H         LINE#         6784
  C:57DBH         LINE#         6785
  C:57E9H         LINE#         6786
  C:57EBH         LINE#         6787
  C:57FDH         LINE#         6788
  C:580DH         LINE#         6793
  C:581FH         LINE#         6794
  C:582EH         LINE#         6812
  -------         ENDPROC       GO_CRAZY
  -------         PROC          RAYOFF
  C:0022H         LINE#         6830
  C:0022H         LINE#         6831
  C:0022H         LINE#         7089
  -------         ENDPROC       RAYOFF
  -------         ENDMOD        SNARE

  -------         MODULE        ?C?ILDIX
  C:58BBH         PUBLIC        ?C?ILDIX
  -------         ENDMOD        ?C?ILDIX

  -------         MODULE        ?C?CCASE
  C:58D1H         PUBLIC        ?C?CCASE
  -------         ENDMOD        ?C?CCASE

  -------         MODULE        ?C?ICASE
  C:58F7H         PUBLIC        ?C?ICASE
  -------         ENDMOD        ?C?ICASE

  -------         MODULE        ABS
  C:0015H         PUBLIC        _ABS
  -------         ENDMOD        ABS

BL51 BANKED LINKER/LOCATER V6.22                                                      09/24/2014  23:22:54  PAGE 101


Program Size: data=9.0 xdata=971 code=22889
LINK/LOCATE RUN COMPLETE.  0 WARNING(S),  0 ERROR(S)
